Archive member included because of file (symbol)

c:/program files (x86)/atmel/atmel toolchain/avr8 gcc/native/3.4.1061/avr8-gnu-toolchain/bin/../lib/gcc/avr/4.8.1/../../../../avr/lib/avr6\libm.a(divsf3.o)
                              board_driver/board.o (__divsf3)
c:/program files (x86)/atmel/atmel toolchain/avr8 gcc/native/3.4.1061/avr8-gnu-toolchain/bin/../lib/gcc/avr/4.8.1/../../../../avr/lib/avr6\libm.a(divsf3x.o)
                              c:/program files (x86)/atmel/atmel toolchain/avr8 gcc/native/3.4.1061/avr8-gnu-toolchain/bin/../lib/gcc/avr/4.8.1/../../../../avr/lib/avr6\libm.a(divsf3.o) (__divsf3x)
c:/program files (x86)/atmel/atmel toolchain/avr8 gcc/native/3.4.1061/avr8-gnu-toolchain/bin/../lib/gcc/avr/4.8.1/../../../../avr/lib/avr6\libm.a(floatsisf.o)
                              board_driver/board.o (__floatsisf)
c:/program files (x86)/atmel/atmel toolchain/avr8 gcc/native/3.4.1061/avr8-gnu-toolchain/bin/../lib/gcc/avr/4.8.1/../../../../avr/lib/avr6\libm.a(fp_inf.o)
                              c:/program files (x86)/atmel/atmel toolchain/avr8 gcc/native/3.4.1061/avr8-gnu-toolchain/bin/../lib/gcc/avr/4.8.1/../../../../avr/lib/avr6\libm.a(divsf3x.o) (__fp_inf)
c:/program files (x86)/atmel/atmel toolchain/avr8 gcc/native/3.4.1061/avr8-gnu-toolchain/bin/../lib/gcc/avr/4.8.1/../../../../avr/lib/avr6\libm.a(fp_nan.o)
                              c:/program files (x86)/atmel/atmel toolchain/avr8 gcc/native/3.4.1061/avr8-gnu-toolchain/bin/../lib/gcc/avr/4.8.1/../../../../avr/lib/avr6\libm.a(divsf3x.o) (__fp_nan)
c:/program files (x86)/atmel/atmel toolchain/avr8 gcc/native/3.4.1061/avr8-gnu-toolchain/bin/../lib/gcc/avr/4.8.1/../../../../avr/lib/avr6\libm.a(fp_pscA.o)
                              c:/program files (x86)/atmel/atmel toolchain/avr8 gcc/native/3.4.1061/avr8-gnu-toolchain/bin/../lib/gcc/avr/4.8.1/../../../../avr/lib/avr6\libm.a(divsf3x.o) (__fp_pscA)
c:/program files (x86)/atmel/atmel toolchain/avr8 gcc/native/3.4.1061/avr8-gnu-toolchain/bin/../lib/gcc/avr/4.8.1/../../../../avr/lib/avr6\libm.a(fp_pscB.o)
                              c:/program files (x86)/atmel/atmel toolchain/avr8 gcc/native/3.4.1061/avr8-gnu-toolchain/bin/../lib/gcc/avr/4.8.1/../../../../avr/lib/avr6\libm.a(divsf3x.o) (__fp_pscB)
c:/program files (x86)/atmel/atmel toolchain/avr8 gcc/native/3.4.1061/avr8-gnu-toolchain/bin/../lib/gcc/avr/4.8.1/../../../../avr/lib/avr6\libm.a(fp_round.o)
                              c:/program files (x86)/atmel/atmel toolchain/avr8 gcc/native/3.4.1061/avr8-gnu-toolchain/bin/../lib/gcc/avr/4.8.1/../../../../avr/lib/avr6\libm.a(divsf3.o) (__fp_round)
c:/program files (x86)/atmel/atmel toolchain/avr8 gcc/native/3.4.1061/avr8-gnu-toolchain/bin/../lib/gcc/avr/4.8.1/../../../../avr/lib/avr6\libm.a(fp_split3.o)
                              c:/program files (x86)/atmel/atmel toolchain/avr8 gcc/native/3.4.1061/avr8-gnu-toolchain/bin/../lib/gcc/avr/4.8.1/../../../../avr/lib/avr6\libm.a(divsf3x.o) (__fp_split3)
c:/program files (x86)/atmel/atmel toolchain/avr8 gcc/native/3.4.1061/avr8-gnu-toolchain/bin/../lib/gcc/avr/4.8.1/../../../../avr/lib/avr6\libm.a(fp_zero.o)
                              c:/program files (x86)/atmel/atmel toolchain/avr8 gcc/native/3.4.1061/avr8-gnu-toolchain/bin/../lib/gcc/avr/4.8.1/../../../../avr/lib/avr6\libm.a(divsf3x.o) (__fp_szero)
c:/program files (x86)/atmel/atmel toolchain/avr8 gcc/native/3.4.1061/avr8-gnu-toolchain/bin/../lib/gcc/avr/4.8.1/../../../../avr/lib/avr6\libm.a(mulsf3.o)
                              board_driver/board.o (__mulsf3)
c:/program files (x86)/atmel/atmel toolchain/avr8 gcc/native/3.4.1061/avr8-gnu-toolchain/bin/../lib/gcc/avr/4.8.1/../../../../avr/lib/avr6\libm.a(mulsf3x.o)
                              c:/program files (x86)/atmel/atmel toolchain/avr8 gcc/native/3.4.1061/avr8-gnu-toolchain/bin/../lib/gcc/avr/4.8.1/../../../../avr/lib/avr6\libm.a(mulsf3.o) (__mulsf3x)
c:/program files (x86)/atmel/atmel toolchain/avr8 gcc/native/3.4.1061/avr8-gnu-toolchain/bin/../lib/gcc/avr/4.8.1/avr6\libgcc.a(_divmodhi4.o)
                              buffer/buffer.o (__divmodhi4)
c:/program files (x86)/atmel/atmel toolchain/avr8 gcc/native/3.4.1061/avr8-gnu-toolchain/bin/../lib/gcc/avr/4.8.1/avr6\libgcc.a(_udivmodsi4.o)
                              serial/serial.o (__udivmodsi4)
c:/program files (x86)/atmel/atmel toolchain/avr8 gcc/native/3.4.1061/avr8-gnu-toolchain/bin/../lib/gcc/avr/4.8.1/avr6\libgcc.a(_divmodsi4.o)
                              board_driver/board.o (__divmodsi4)
c:/program files (x86)/atmel/atmel toolchain/avr8 gcc/native/3.4.1061/avr8-gnu-toolchain/bin/../lib/gcc/avr/4.8.1/avr6\libgcc.a(_negsi2.o)
                              c:/program files (x86)/atmel/atmel toolchain/avr8 gcc/native/3.4.1061/avr8-gnu-toolchain/bin/../lib/gcc/avr/4.8.1/avr6\libgcc.a(_divmodsi4.o) (__negsi2)
c:/program files (x86)/atmel/atmel toolchain/avr8 gcc/native/3.4.1061/avr8-gnu-toolchain/bin/../lib/gcc/avr/4.8.1/avr6\libgcc.a(_exit.o)
                              c:/program files (x86)/atmel/atmel toolchain/avr8 gcc/native/3.4.1061/avr8-gnu-toolchain/bin/../lib/gcc/avr/4.8.1/../../../../avr/lib/avr6/crtm2561.o (exit)
c:/program files (x86)/atmel/atmel toolchain/avr8 gcc/native/3.4.1061/avr8-gnu-toolchain/bin/../lib/gcc/avr/4.8.1/avr6\libgcc.a(_tablejump.o)
                              FreeRTOS/Source/timers.o (__tablejump2__)
c:/program files (x86)/atmel/atmel toolchain/avr8 gcc/native/3.4.1061/avr8-gnu-toolchain/bin/../lib/gcc/avr/4.8.1/avr6\libgcc.a(_copy_data.o)
                              board_driver/board.o (__do_copy_data)
c:/program files (x86)/atmel/atmel toolchain/avr8 gcc/native/3.4.1061/avr8-gnu-toolchain/bin/../lib/gcc/avr/4.8.1/avr6\libgcc.a(_clear_bss.o)
                              board_driver/board.o (__do_clear_bss)
c:/program files (x86)/atmel/atmel toolchain/avr8 gcc/native/3.4.1061/avr8-gnu-toolchain/bin/../lib/gcc/avr/4.8.1/avr6\libgcc.a(_umulhisi3.o)
                              board_driver/board.o (__umulhisi3)
c:/program files (x86)/atmel/atmel toolchain/avr8 gcc/native/3.4.1061/avr8-gnu-toolchain/bin/../lib/gcc/avr/4.8.1/avr6\libgcc.a(_udivmodhi4.o)
                              c:/program files (x86)/atmel/atmel toolchain/avr8 gcc/native/3.4.1061/avr8-gnu-toolchain/bin/../lib/gcc/avr/4.8.1/avr6\libgcc.a(_divmodhi4.o) (__udivmodhi4)
c:/program files (x86)/atmel/atmel toolchain/avr8 gcc/native/3.4.1061/avr8-gnu-toolchain/bin/../lib/gcc/avr/4.8.1/../../../../avr/lib/avr6\libc.a(malloc.o)
                              serial/serial.o (malloc)
c:/program files (x86)/atmel/atmel toolchain/avr8 gcc/native/3.4.1061/avr8-gnu-toolchain/bin/../lib/gcc/avr/4.8.1/../../../../avr/lib/avr6\libc.a(atoi.o)
                              main.o (atoi)
c:/program files (x86)/atmel/atmel toolchain/avr8 gcc/native/3.4.1061/avr8-gnu-toolchain/bin/../lib/gcc/avr/4.8.1/../../../../avr/lib/avr6\libc.a(memcpy.o)
                              FreeRTOS/Source/queue.o (memcpy)
c:/program files (x86)/atmel/atmel toolchain/avr8 gcc/native/3.4.1061/avr8-gnu-toolchain/bin/../lib/gcc/avr/4.8.1/../../../../avr/lib/avr6\libc.a(mul10.o)
                              c:/program files (x86)/atmel/atmel toolchain/avr8 gcc/native/3.4.1061/avr8-gnu-toolchain/bin/../lib/gcc/avr/4.8.1/../../../../avr/lib/avr6\libc.a(atoi.o) (__mulhi_const_10)
c:/program files (x86)/atmel/atmel toolchain/avr8 gcc/native/3.4.1061/avr8-gnu-toolchain/bin/../lib/gcc/avr/4.8.1/../../../../avr/lib/avr6\libc.a(sprintf.o)
                              main.o (sprintf)
c:/program files (x86)/atmel/atmel toolchain/avr8 gcc/native/3.4.1061/avr8-gnu-toolchain/bin/../lib/gcc/avr/4.8.1/../../../../avr/lib/avr6\libc.a(vfprintf_std.o)
                              c:/program files (x86)/atmel/atmel toolchain/avr8 gcc/native/3.4.1061/avr8-gnu-toolchain/bin/../lib/gcc/avr/4.8.1/../../../../avr/lib/avr6\libc.a(sprintf.o) (vfprintf)
c:/program files (x86)/atmel/atmel toolchain/avr8 gcc/native/3.4.1061/avr8-gnu-toolchain/bin/../lib/gcc/avr/4.8.1/../../../../avr/lib/avr6\libc.a(strnlen_P.o)
                              c:/program files (x86)/atmel/atmel toolchain/avr8 gcc/native/3.4.1061/avr8-gnu-toolchain/bin/../lib/gcc/avr/4.8.1/../../../../avr/lib/avr6\libc.a(vfprintf_std.o) (strnlen_P)
c:/program files (x86)/atmel/atmel toolchain/avr8 gcc/native/3.4.1061/avr8-gnu-toolchain/bin/../lib/gcc/avr/4.8.1/../../../../avr/lib/avr6\libc.a(strnlen.o)
                              c:/program files (x86)/atmel/atmel toolchain/avr8 gcc/native/3.4.1061/avr8-gnu-toolchain/bin/../lib/gcc/avr/4.8.1/../../../../avr/lib/avr6\libc.a(vfprintf_std.o) (strnlen)
c:/program files (x86)/atmel/atmel toolchain/avr8 gcc/native/3.4.1061/avr8-gnu-toolchain/bin/../lib/gcc/avr/4.8.1/../../../../avr/lib/avr6\libc.a(fputc.o)
                              c:/program files (x86)/atmel/atmel toolchain/avr8 gcc/native/3.4.1061/avr8-gnu-toolchain/bin/../lib/gcc/avr/4.8.1/../../../../avr/lib/avr6\libc.a(vfprintf_std.o) (fputc)
c:/program files (x86)/atmel/atmel toolchain/avr8 gcc/native/3.4.1061/avr8-gnu-toolchain/bin/../lib/gcc/avr/4.8.1/../../../../avr/lib/avr6\libc.a(ultoa_invert.o)
                              c:/program files (x86)/atmel/atmel toolchain/avr8 gcc/native/3.4.1061/avr8-gnu-toolchain/bin/../lib/gcc/avr/4.8.1/../../../../avr/lib/avr6\libc.a(vfprintf_std.o) (__ultoa_invert)

Allocating common symbols
Common symbol       size              file

__brkval            0x2               c:/program files (x86)/atmel/atmel toolchain/avr8 gcc/native/3.4.1061/avr8-gnu-toolchain/bin/../lib/gcc/avr/4.8.1/../../../../avr/lib/avr6\libc.a(malloc.o)
cumulativeTacho     0x2               main.o
tick                0x2               main.o
__flp               0x2               c:/program files (x86)/atmel/atmel toolchain/avr8 gcc/native/3.4.1061/avr8-gnu-toolchain/bin/../lib/gcc/avr/4.8.1/../../../../avr/lib/avr6\libc.a(malloc.o)

Discarded input sections

 .data          0x00000000        0x0 c:/program files (x86)/atmel/atmel toolchain/avr8 gcc/native/3.4.1061/avr8-gnu-toolchain/bin/../lib/gcc/avr/4.8.1/../../../../avr/lib/avr6/crtm2561.o
 .bss           0x00000000        0x0 c:/program files (x86)/atmel/atmel toolchain/avr8 gcc/native/3.4.1061/avr8-gnu-toolchain/bin/../lib/gcc/avr/4.8.1/../../../../avr/lib/avr6/crtm2561.o
 .text          0x00000000        0x0 board_driver/board.o
 .data          0x00000000        0x0 board_driver/board.o
 .bss           0x00000000        0x0 board_driver/board.o
 .text.get_x_accel
                0x00000000       0x2c board_driver/board.o
 .text.get_y_accel
                0x00000000       0x2c board_driver/board.o
 .text.get_z_accel
                0x00000000       0x2c board_driver/board.o
 .text.get_raw_z_accel
                0x00000000       0x10 board_driver/board.o
 .text.get_x_rotation
                0x00000000       0x2c board_driver/board.o
 .text.get_y_rotation
                0x00000000       0x2c board_driver/board.o
 .text.get_z_rotation
                0x00000000       0x2c board_driver/board.o
 .text          0x00000000        0x0 buffer/buffer.o
 .data          0x00000000        0x0 buffer/buffer.o
 .bss           0x00000000        0x0 buffer/buffer.o
 .text.buffer_is_empty
                0x00000000        0xe buffer/buffer.o
 .text          0x00000000        0x0 dialog_handler/dialog_handler.o
 .data          0x00000000        0x0 dialog_handler/dialog_handler.o
 .bss           0x00000000        0x0 dialog_handler/dialog_handler.o
 .text          0x00000000        0x0 FreeRTOS/Source/croutine.o
 .data          0x00000000        0x0 FreeRTOS/Source/croutine.o
 .bss           0x00000000        0x0 FreeRTOS/Source/croutine.o
 .text.xCoRoutineCreate
                0x00000000       0xf4 FreeRTOS/Source/croutine.o
 .text.vCoRoutineAddToDelayedList
                0x00000000       0x86 FreeRTOS/Source/croutine.o
 .text.vCoRoutineSchedule
                0x00000000      0x25c FreeRTOS/Source/croutine.o
 .text.xCoRoutineRemoveFromEventList
                0x00000000       0x4a FreeRTOS/Source/croutine.o
 .bss.xPassedTicks
                0x00000000        0x2 FreeRTOS/Source/croutine.o
 .bss.xLastTickCount
                0x00000000        0x2 FreeRTOS/Source/croutine.o
 .bss.xCoRoutineTickCount
                0x00000000        0x2 FreeRTOS/Source/croutine.o
 .bss.uxTopCoRoutineReadyPriority
                0x00000000        0x1 FreeRTOS/Source/croutine.o
 .bss.pxCurrentCoRoutine
                0x00000000        0x2 FreeRTOS/Source/croutine.o
 .bss.xPendingReadyCoRoutineList
                0x00000000        0x9 FreeRTOS/Source/croutine.o
 .bss.pxOverflowDelayedCoRoutineList
                0x00000000        0x2 FreeRTOS/Source/croutine.o
 .bss.pxDelayedCoRoutineList
                0x00000000        0x2 FreeRTOS/Source/croutine.o
 .bss.xDelayedCoRoutineList2
                0x00000000        0x9 FreeRTOS/Source/croutine.o
 .bss.xDelayedCoRoutineList1
                0x00000000        0x9 FreeRTOS/Source/croutine.o
 .bss.pxReadyCoRoutineLists
                0x00000000       0x12 FreeRTOS/Source/croutine.o
 .debug_info    0x00000000      0x7ca FreeRTOS/Source/croutine.o
 .debug_abbrev  0x00000000      0x257 FreeRTOS/Source/croutine.o
 .debug_loc     0x00000000      0x3e6 FreeRTOS/Source/croutine.o
 .debug_aranges
                0x00000000       0x38 FreeRTOS/Source/croutine.o
 .debug_ranges  0x00000000       0x28 FreeRTOS/Source/croutine.o
 .debug_line    0x00000000      0x3ec FreeRTOS/Source/croutine.o
 .debug_str     0x00000000      0x52a FreeRTOS/Source/croutine.o
 .comment       0x00000000       0x31 FreeRTOS/Source/croutine.o
 .debug_frame   0x00000000       0xc0 FreeRTOS/Source/croutine.o
 .text          0x00000000        0x0 FreeRTOS/Source/event_groups.o
 .data          0x00000000        0x0 FreeRTOS/Source/event_groups.o
 .bss           0x00000000        0x0 FreeRTOS/Source/event_groups.o
 .text.xEventGroupCreate
                0x00000000       0x26 FreeRTOS/Source/event_groups.o
 .text.xEventGroupWaitBits
                0x00000000      0x10c FreeRTOS/Source/event_groups.o
 .text.xEventGroupClearBits
                0x00000000       0x1e FreeRTOS/Source/event_groups.o
 .text.xEventGroupGetBitsFromISR
                0x00000000        0x8 FreeRTOS/Source/event_groups.o
 .text.xEventGroupSetBits
                0x00000000       0xdc FreeRTOS/Source/event_groups.o
 .text.xEventGroupSync
                0x00000000       0xce FreeRTOS/Source/event_groups.o
 .text.vEventGroupDelete
                0x00000000       0x32 FreeRTOS/Source/event_groups.o
 .text.vEventGroupSetBitsCallback
                0x00000000        0x8 FreeRTOS/Source/event_groups.o
 .text.vEventGroupClearBitsCallback
                0x00000000        0x8 FreeRTOS/Source/event_groups.o
 .debug_info    0x00000000      0x934 FreeRTOS/Source/event_groups.o
 .debug_abbrev  0x00000000      0x26b FreeRTOS/Source/event_groups.o
 .debug_loc     0x00000000      0xbba FreeRTOS/Source/event_groups.o
 .debug_aranges
                0x00000000       0x60 FreeRTOS/Source/event_groups.o
 .debug_ranges  0x00000000       0x68 FreeRTOS/Source/event_groups.o
 .debug_line    0x00000000      0x4af FreeRTOS/Source/event_groups.o
 .debug_str     0x00000000      0x57a FreeRTOS/Source/event_groups.o
 .comment       0x00000000       0x31 FreeRTOS/Source/event_groups.o
 .debug_frame   0x00000000      0x158 FreeRTOS/Source/event_groups.o
 .text          0x00000000        0x0 FreeRTOS/Source/list.o
 .data          0x00000000        0x0 FreeRTOS/Source/list.o
 .bss           0x00000000        0x0 FreeRTOS/Source/list.o
 .text          0x00000000        0x0 FreeRTOS/Source/portable/GCC/ATMega256x/port.o
 .data          0x00000000        0x0 FreeRTOS/Source/portable/GCC/ATMega256x/port.o
 .bss           0x00000000        0x0 FreeRTOS/Source/portable/GCC/ATMega256x/port.o
 .text.vPortEndScheduler
                0x00000000        0xc FreeRTOS/Source/portable/GCC/ATMega256x/port.o
 .text          0x00000000        0x0 FreeRTOS/Source/portable/MemMang/heap_1.o
 .data          0x00000000        0x0 FreeRTOS/Source/portable/MemMang/heap_1.o
 .bss           0x00000000        0x0 FreeRTOS/Source/portable/MemMang/heap_1.o
 .text.vPortInitialiseBlocks
                0x00000000        0xa FreeRTOS/Source/portable/MemMang/heap_1.o
 .text.xPortGetFreeHeapSize
                0x00000000       0x12 FreeRTOS/Source/portable/MemMang/heap_1.o
 .text          0x00000000        0x0 FreeRTOS/Source/queue.o
 .data          0x00000000        0x0 FreeRTOS/Source/queue.o
 .bss           0x00000000        0x0 FreeRTOS/Source/queue.o
 .text.xQueueCreateMutex
                0x00000000       0x58 FreeRTOS/Source/queue.o
 .text.xQueueReceiveFromISR
                0x00000000       0x66 FreeRTOS/Source/queue.o
 .text.xQueuePeekFromISR
                0x00000000       0x2e FreeRTOS/Source/queue.o
 .text.uxQueueMessagesWaiting
                0x00000000       0x10 FreeRTOS/Source/queue.o
 .text.uxQueueSpacesAvailable
                0x00000000       0x16 FreeRTOS/Source/queue.o
 .text.uxQueueMessagesWaitingFromISR
                0x00000000        0x6 FreeRTOS/Source/queue.o
 .text.vQueueDelete
                0x00000000        0x6 FreeRTOS/Source/queue.o
 .text.xQueueIsQueueEmptyFromISR
                0x00000000        0xc FreeRTOS/Source/queue.o
 .text.xQueueIsQueueFullFromISR
                0x00000000        0xe FreeRTOS/Source/queue.o
 .text.xQueueCRSend
                0x00000000       0x72 FreeRTOS/Source/queue.o
 .text.xQueueCRReceive
                0x00000000       0x90 FreeRTOS/Source/queue.o
 .text.xQueueCRSendFromISR
                0x00000000       0x42 FreeRTOS/Source/queue.o
 .text.xQueueCRReceiveFromISR
                0x00000000       0x80 FreeRTOS/Source/queue.o
 .text          0x00000000        0x0 FreeRTOS/Source/tasks.o
 .data          0x00000000        0x0 FreeRTOS/Source/tasks.o
 .bss           0x00000000        0x0 FreeRTOS/Source/tasks.o
 .text.vTaskEndScheduler
                0x00000000        0xc FreeRTOS/Source/tasks.o
 .text.xTaskGetTickCountFromISR
                0x00000000        0xa FreeRTOS/Source/tasks.o
 .text.uxTaskGetNumberOfTasks
                0x00000000        0x6 FreeRTOS/Source/tasks.o
 .text.vTaskDelayUntil
                0x00000000       0x84 FreeRTOS/Source/tasks.o
 .text.vTaskPlaceOnUnorderedEventList
                0x00000000       0x48 FreeRTOS/Source/tasks.o
 .text.xTaskRemoveFromUnorderedEventList
                0x00000000       0x74 FreeRTOS/Source/tasks.o
 .text.xTaskGetCurrentTaskHandle
                0x00000000        0xa FreeRTOS/Source/tasks.o
 .text.uxTaskResetEventItemValue
                0x00000000       0x2e FreeRTOS/Source/tasks.o
 .text.ulTaskNotifyTake
                0x00000000       0xcc FreeRTOS/Source/tasks.o
 .text.xTaskNotifyWait
                0x00000000      0x11e FreeRTOS/Source/tasks.o
 .text.xTaskGenericNotify
                0x00000000      0x10a FreeRTOS/Source/tasks.o
 .text.xTaskNotifyFromISR
                0x00000000      0x102 FreeRTOS/Source/tasks.o
 .text.vTaskNotifyGiveFromISR
                0x00000000       0xae FreeRTOS/Source/tasks.o
 .text          0x00000000        0x0 FreeRTOS/Source/timers.o
 .data          0x00000000        0x0 FreeRTOS/Source/timers.o
 .bss           0x00000000        0x0 FreeRTOS/Source/timers.o
 .text.xTimerCreate
                0x00000000       0x70 FreeRTOS/Source/timers.o
 .text.pcTimerGetTimerName
                0x00000000        0x8 FreeRTOS/Source/timers.o
 .text.xTimerIsTimerActive
                0x00000000       0x1a FreeRTOS/Source/timers.o
 .text.pvTimerGetTimerID
                0x00000000       0x12 FreeRTOS/Source/timers.o
 .text.vTimerSetTimerID
                0x00000000       0x12 FreeRTOS/Source/timers.o
 .text          0x00000000        0x0 main.o
 .data          0x00000000        0x0 main.o
 .bss           0x00000000        0x0 main.o
 .bss.xHandle   0x00000000        0x2 main.o
 .text          0x00000000        0x0 serial/serial.o
 .data          0x00000000        0x0 serial/serial.o
 .bss           0x00000000        0x0 serial/serial.o
 .text.serial_send_byte
                0x00000000       0x32 serial/serial.o
 .text          0x00000000        0x0 spi/spi.o
 .data          0x00000000        0x0 spi/spi.o
 .bss           0x00000000        0x0 spi/spi.o
 .text.spi_send_byte
                0x00000000       0xba spi/spi.o
 .text          0x00000000        0x0 c:/program files (x86)/atmel/atmel toolchain/avr8 gcc/native/3.4.1061/avr8-gnu-toolchain/bin/../lib/gcc/avr/4.8.1/../../../../avr/lib/avr6\libm.a(divsf3.o)
 .data          0x00000000        0x0 c:/program files (x86)/atmel/atmel toolchain/avr8 gcc/native/3.4.1061/avr8-gnu-toolchain/bin/../lib/gcc/avr/4.8.1/../../../../avr/lib/avr6\libm.a(divsf3.o)
 .bss           0x00000000        0x0 c:/program files (x86)/atmel/atmel toolchain/avr8 gcc/native/3.4.1061/avr8-gnu-toolchain/bin/../lib/gcc/avr/4.8.1/../../../../avr/lib/avr6\libm.a(divsf3.o)
 .text.avr-libc.fplib
                0x00000000        0x4 c:/program files (x86)/atmel/atmel toolchain/avr8 gcc/native/3.4.1061/avr8-gnu-toolchain/bin/../lib/gcc/avr/4.8.1/../../../../avr/lib/avr6\libm.a(divsf3.o)
 .text          0x00000000        0x0 c:/program files (x86)/atmel/atmel toolchain/avr8 gcc/native/3.4.1061/avr8-gnu-toolchain/bin/../lib/gcc/avr/4.8.1/../../../../avr/lib/avr6\libm.a(divsf3x.o)
 .data          0x00000000        0x0 c:/program files (x86)/atmel/atmel toolchain/avr8 gcc/native/3.4.1061/avr8-gnu-toolchain/bin/../lib/gcc/avr/4.8.1/../../../../avr/lib/avr6\libm.a(divsf3x.o)
 .bss           0x00000000        0x0 c:/program files (x86)/atmel/atmel toolchain/avr8 gcc/native/3.4.1061/avr8-gnu-toolchain/bin/../lib/gcc/avr/4.8.1/../../../../avr/lib/avr6\libm.a(divsf3x.o)
 .text.avr-libc.fplib
                0x00000000       0xcc c:/program files (x86)/atmel/atmel toolchain/avr8 gcc/native/3.4.1061/avr8-gnu-toolchain/bin/../lib/gcc/avr/4.8.1/../../../../avr/lib/avr6\libm.a(divsf3x.o)
 .text          0x00000000        0x0 c:/program files (x86)/atmel/atmel toolchain/avr8 gcc/native/3.4.1061/avr8-gnu-toolchain/bin/../lib/gcc/avr/4.8.1/../../../../avr/lib/avr6\libm.a(floatsisf.o)
 .data          0x00000000        0x0 c:/program files (x86)/atmel/atmel toolchain/avr8 gcc/native/3.4.1061/avr8-gnu-toolchain/bin/../lib/gcc/avr/4.8.1/../../../../avr/lib/avr6\libm.a(floatsisf.o)
 .bss           0x00000000        0x0 c:/program files (x86)/atmel/atmel toolchain/avr8 gcc/native/3.4.1061/avr8-gnu-toolchain/bin/../lib/gcc/avr/4.8.1/../../../../avr/lib/avr6\libm.a(floatsisf.o)
 .text.avr-libc.fplib
                0x00000000       0x7a c:/program files (x86)/atmel/atmel toolchain/avr8 gcc/native/3.4.1061/avr8-gnu-toolchain/bin/../lib/gcc/avr/4.8.1/../../../../avr/lib/avr6\libm.a(floatsisf.o)
 .text          0x00000000        0x0 c:/program files (x86)/atmel/atmel toolchain/avr8 gcc/native/3.4.1061/avr8-gnu-toolchain/bin/../lib/gcc/avr/4.8.1/../../../../avr/lib/avr6\libm.a(fp_inf.o)
 .data          0x00000000        0x0 c:/program files (x86)/atmel/atmel toolchain/avr8 gcc/native/3.4.1061/avr8-gnu-toolchain/bin/../lib/gcc/avr/4.8.1/../../../../avr/lib/avr6\libm.a(fp_inf.o)
 .bss           0x00000000        0x0 c:/program files (x86)/atmel/atmel toolchain/avr8 gcc/native/3.4.1061/avr8-gnu-toolchain/bin/../lib/gcc/avr/4.8.1/../../../../avr/lib/avr6\libm.a(fp_inf.o)
 .text.avr-libc.fplib
                0x00000000        0xc c:/program files (x86)/atmel/atmel toolchain/avr8 gcc/native/3.4.1061/avr8-gnu-toolchain/bin/../lib/gcc/avr/4.8.1/../../../../avr/lib/avr6\libm.a(fp_inf.o)
 .text          0x00000000        0x0 c:/program files (x86)/atmel/atmel toolchain/avr8 gcc/native/3.4.1061/avr8-gnu-toolchain/bin/../lib/gcc/avr/4.8.1/../../../../avr/lib/avr6\libm.a(fp_nan.o)
 .data          0x00000000        0x0 c:/program files (x86)/atmel/atmel toolchain/avr8 gcc/native/3.4.1061/avr8-gnu-toolchain/bin/../lib/gcc/avr/4.8.1/../../../../avr/lib/avr6\libm.a(fp_nan.o)
 .bss           0x00000000        0x0 c:/program files (x86)/atmel/atmel toolchain/avr8 gcc/native/3.4.1061/avr8-gnu-toolchain/bin/../lib/gcc/avr/4.8.1/../../../../avr/lib/avr6\libm.a(fp_nan.o)
 .text.avr-libc.fplib
                0x00000000        0x6 c:/program files (x86)/atmel/atmel toolchain/avr8 gcc/native/3.4.1061/avr8-gnu-toolchain/bin/../lib/gcc/avr/4.8.1/../../../../avr/lib/avr6\libm.a(fp_nan.o)
 .text          0x00000000        0x0 c:/program files (x86)/atmel/atmel toolchain/avr8 gcc/native/3.4.1061/avr8-gnu-toolchain/bin/../lib/gcc/avr/4.8.1/../../../../avr/lib/avr6\libm.a(fp_pscA.o)
 .data          0x00000000        0x0 c:/program files (x86)/atmel/atmel toolchain/avr8 gcc/native/3.4.1061/avr8-gnu-toolchain/bin/../lib/gcc/avr/4.8.1/../../../../avr/lib/avr6\libm.a(fp_pscA.o)
 .bss           0x00000000        0x0 c:/program files (x86)/atmel/atmel toolchain/avr8 gcc/native/3.4.1061/avr8-gnu-toolchain/bin/../lib/gcc/avr/4.8.1/../../../../avr/lib/avr6\libm.a(fp_pscA.o)
 .text.avr-libc.fplib
                0x00000000        0xe c:/program files (x86)/atmel/atmel toolchain/avr8 gcc/native/3.4.1061/avr8-gnu-toolchain/bin/../lib/gcc/avr/4.8.1/../../../../avr/lib/avr6\libm.a(fp_pscA.o)
 .text          0x00000000        0x0 c:/program files (x86)/atmel/atmel toolchain/avr8 gcc/native/3.4.1061/avr8-gnu-toolchain/bin/../lib/gcc/avr/4.8.1/../../../../avr/lib/avr6\libm.a(fp_pscB.o)
 .data          0x00000000        0x0 c:/program files (x86)/atmel/atmel toolchain/avr8 gcc/native/3.4.1061/avr8-gnu-toolchain/bin/../lib/gcc/avr/4.8.1/../../../../avr/lib/avr6\libm.a(fp_pscB.o)
 .bss           0x00000000        0x0 c:/program files (x86)/atmel/atmel toolchain/avr8 gcc/native/3.4.1061/avr8-gnu-toolchain/bin/../lib/gcc/avr/4.8.1/../../../../avr/lib/avr6\libm.a(fp_pscB.o)
 .text.avr-libc.fplib
                0x00000000        0xe c:/program files (x86)/atmel/atmel toolchain/avr8 gcc/native/3.4.1061/avr8-gnu-toolchain/bin/../lib/gcc/avr/4.8.1/../../../../avr/lib/avr6\libm.a(fp_pscB.o)
 .text          0x00000000        0x0 c:/program files (x86)/atmel/atmel toolchain/avr8 gcc/native/3.4.1061/avr8-gnu-toolchain/bin/../lib/gcc/avr/4.8.1/../../../../avr/lib/avr6\libm.a(fp_round.o)
 .data          0x00000000        0x0 c:/program files (x86)/atmel/atmel toolchain/avr8 gcc/native/3.4.1061/avr8-gnu-toolchain/bin/../lib/gcc/avr/4.8.1/../../../../avr/lib/avr6\libm.a(fp_round.o)
 .bss           0x00000000        0x0 c:/program files (x86)/atmel/atmel toolchain/avr8 gcc/native/3.4.1061/avr8-gnu-toolchain/bin/../lib/gcc/avr/4.8.1/../../../../avr/lib/avr6\libm.a(fp_round.o)
 .text.avr-libc.fplib
                0x00000000       0x22 c:/program files (x86)/atmel/atmel toolchain/avr8 gcc/native/3.4.1061/avr8-gnu-toolchain/bin/../lib/gcc/avr/4.8.1/../../../../avr/lib/avr6\libm.a(fp_round.o)
 .text          0x00000000        0x0 c:/program files (x86)/atmel/atmel toolchain/avr8 gcc/native/3.4.1061/avr8-gnu-toolchain/bin/../lib/gcc/avr/4.8.1/../../../../avr/lib/avr6\libm.a(fp_split3.o)
 .data          0x00000000        0x0 c:/program files (x86)/atmel/atmel toolchain/avr8 gcc/native/3.4.1061/avr8-gnu-toolchain/bin/../lib/gcc/avr/4.8.1/../../../../avr/lib/avr6\libm.a(fp_split3.o)
 .bss           0x00000000        0x0 c:/program files (x86)/atmel/atmel toolchain/avr8 gcc/native/3.4.1061/avr8-gnu-toolchain/bin/../lib/gcc/avr/4.8.1/../../../../avr/lib/avr6\libm.a(fp_split3.o)
 .text.avr-libc.fplib
                0x00000000       0x44 c:/program files (x86)/atmel/atmel toolchain/avr8 gcc/native/3.4.1061/avr8-gnu-toolchain/bin/../lib/gcc/avr/4.8.1/../../../../avr/lib/avr6\libm.a(fp_split3.o)
 .text          0x00000000        0x0 c:/program files (x86)/atmel/atmel toolchain/avr8 gcc/native/3.4.1061/avr8-gnu-toolchain/bin/../lib/gcc/avr/4.8.1/../../../../avr/lib/avr6\libm.a(fp_zero.o)
 .data          0x00000000        0x0 c:/program files (x86)/atmel/atmel toolchain/avr8 gcc/native/3.4.1061/avr8-gnu-toolchain/bin/../lib/gcc/avr/4.8.1/../../../../avr/lib/avr6\libm.a(fp_zero.o)
 .bss           0x00000000        0x0 c:/program files (x86)/atmel/atmel toolchain/avr8 gcc/native/3.4.1061/avr8-gnu-toolchain/bin/../lib/gcc/avr/4.8.1/../../../../avr/lib/avr6\libm.a(fp_zero.o)
 .text.avr-libc.fplib
                0x00000000        0xe c:/program files (x86)/atmel/atmel toolchain/avr8 gcc/native/3.4.1061/avr8-gnu-toolchain/bin/../lib/gcc/avr/4.8.1/../../../../avr/lib/avr6\libm.a(fp_zero.o)
 .text          0x00000000        0x0 c:/program files (x86)/atmel/atmel toolchain/avr8 gcc/native/3.4.1061/avr8-gnu-toolchain/bin/../lib/gcc/avr/4.8.1/../../../../avr/lib/avr6\libm.a(mulsf3.o)
 .data          0x00000000        0x0 c:/program files (x86)/atmel/atmel toolchain/avr8 gcc/native/3.4.1061/avr8-gnu-toolchain/bin/../lib/gcc/avr/4.8.1/../../../../avr/lib/avr6\libm.a(mulsf3.o)
 .bss           0x00000000        0x0 c:/program files (x86)/atmel/atmel toolchain/avr8 gcc/native/3.4.1061/avr8-gnu-toolchain/bin/../lib/gcc/avr/4.8.1/../../../../avr/lib/avr6\libm.a(mulsf3.o)
 .text.avr-libc.fplib
                0x00000000        0x4 c:/program files (x86)/atmel/atmel toolchain/avr8 gcc/native/3.4.1061/avr8-gnu-toolchain/bin/../lib/gcc/avr/4.8.1/../../../../avr/lib/avr6\libm.a(mulsf3.o)
 .text          0x00000000        0x0 c:/program files (x86)/atmel/atmel toolchain/avr8 gcc/native/3.4.1061/avr8-gnu-toolchain/bin/../lib/gcc/avr/4.8.1/../../../../avr/lib/avr6\libm.a(mulsf3x.o)
 .data          0x00000000        0x0 c:/program files (x86)/atmel/atmel toolchain/avr8 gcc/native/3.4.1061/avr8-gnu-toolchain/bin/../lib/gcc/avr/4.8.1/../../../../avr/lib/avr6\libm.a(mulsf3x.o)
 .bss           0x00000000        0x0 c:/program files (x86)/atmel/atmel toolchain/avr8 gcc/native/3.4.1061/avr8-gnu-toolchain/bin/../lib/gcc/avr/4.8.1/../../../../avr/lib/avr6\libm.a(mulsf3x.o)
 .text.avr-libc.fplib
                0x00000000       0xc2 c:/program files (x86)/atmel/atmel toolchain/avr8 gcc/native/3.4.1061/avr8-gnu-toolchain/bin/../lib/gcc/avr/4.8.1/../../../../avr/lib/avr6\libm.a(mulsf3x.o)
 .text          0x00000000        0x0 c:/program files (x86)/atmel/atmel toolchain/avr8 gcc/native/3.4.1061/avr8-gnu-toolchain/bin/../lib/gcc/avr/4.8.1/avr6\libgcc.a(_divmodhi4.o)
 .data          0x00000000        0x0 c:/program files (x86)/atmel/atmel toolchain/avr8 gcc/native/3.4.1061/avr8-gnu-toolchain/bin/../lib/gcc/avr/4.8.1/avr6\libgcc.a(_divmodhi4.o)
 .bss           0x00000000        0x0 c:/program files (x86)/atmel/atmel toolchain/avr8 gcc/native/3.4.1061/avr8-gnu-toolchain/bin/../lib/gcc/avr/4.8.1/avr6\libgcc.a(_divmodhi4.o)
 .text.libgcc.mul
                0x00000000        0x0 c:/program files (x86)/atmel/atmel toolchain/avr8 gcc/native/3.4.1061/avr8-gnu-toolchain/bin/../lib/gcc/avr/4.8.1/avr6\libgcc.a(_divmodhi4.o)
 .text.libgcc   0x00000000        0x0 c:/program files (x86)/atmel/atmel toolchain/avr8 gcc/native/3.4.1061/avr8-gnu-toolchain/bin/../lib/gcc/avr/4.8.1/avr6\libgcc.a(_divmodhi4.o)
 .text.libgcc.prologue
                0x00000000        0x0 c:/program files (x86)/atmel/atmel toolchain/avr8 gcc/native/3.4.1061/avr8-gnu-toolchain/bin/../lib/gcc/avr/4.8.1/avr6\libgcc.a(_divmodhi4.o)
 .text.libgcc.builtins
                0x00000000        0x0 c:/program files (x86)/atmel/atmel toolchain/avr8 gcc/native/3.4.1061/avr8-gnu-toolchain/bin/../lib/gcc/avr/4.8.1/avr6\libgcc.a(_divmodhi4.o)
 .text.libgcc.fmul
                0x00000000        0x0 c:/program files (x86)/atmel/atmel toolchain/avr8 gcc/native/3.4.1061/avr8-gnu-toolchain/bin/../lib/gcc/avr/4.8.1/avr6\libgcc.a(_divmodhi4.o)
 .text.libgcc.fixed
                0x00000000        0x0 c:/program files (x86)/atmel/atmel toolchain/avr8 gcc/native/3.4.1061/avr8-gnu-toolchain/bin/../lib/gcc/avr/4.8.1/avr6\libgcc.a(_divmodhi4.o)
 .text          0x00000000        0x0 c:/program files (x86)/atmel/atmel toolchain/avr8 gcc/native/3.4.1061/avr8-gnu-toolchain/bin/../lib/gcc/avr/4.8.1/avr6\libgcc.a(_udivmodsi4.o)
 .data          0x00000000        0x0 c:/program files (x86)/atmel/atmel toolchain/avr8 gcc/native/3.4.1061/avr8-gnu-toolchain/bin/../lib/gcc/avr/4.8.1/avr6\libgcc.a(_udivmodsi4.o)
 .bss           0x00000000        0x0 c:/program files (x86)/atmel/atmel toolchain/avr8 gcc/native/3.4.1061/avr8-gnu-toolchain/bin/../lib/gcc/avr/4.8.1/avr6\libgcc.a(_udivmodsi4.o)
 .text.libgcc.mul
                0x00000000        0x0 c:/program files (x86)/atmel/atmel toolchain/avr8 gcc/native/3.4.1061/avr8-gnu-toolchain/bin/../lib/gcc/avr/4.8.1/avr6\libgcc.a(_udivmodsi4.o)
 .text.libgcc   0x00000000        0x0 c:/program files (x86)/atmel/atmel toolchain/avr8 gcc/native/3.4.1061/avr8-gnu-toolchain/bin/../lib/gcc/avr/4.8.1/avr6\libgcc.a(_udivmodsi4.o)
 .text.libgcc.prologue
                0x00000000        0x0 c:/program files (x86)/atmel/atmel toolchain/avr8 gcc/native/3.4.1061/avr8-gnu-toolchain/bin/../lib/gcc/avr/4.8.1/avr6\libgcc.a(_udivmodsi4.o)
 .text.libgcc.builtins
                0x00000000        0x0 c:/program files (x86)/atmel/atmel toolchain/avr8 gcc/native/3.4.1061/avr8-gnu-toolchain/bin/../lib/gcc/avr/4.8.1/avr6\libgcc.a(_udivmodsi4.o)
 .text.libgcc.fmul
                0x00000000        0x0 c:/program files (x86)/atmel/atmel toolchain/avr8 gcc/native/3.4.1061/avr8-gnu-toolchain/bin/../lib/gcc/avr/4.8.1/avr6\libgcc.a(_udivmodsi4.o)
 .text.libgcc.fixed
                0x00000000        0x0 c:/program files (x86)/atmel/atmel toolchain/avr8 gcc/native/3.4.1061/avr8-gnu-toolchain/bin/../lib/gcc/avr/4.8.1/avr6\libgcc.a(_udivmodsi4.o)
 .text          0x00000000        0x0 c:/program files (x86)/atmel/atmel toolchain/avr8 gcc/native/3.4.1061/avr8-gnu-toolchain/bin/../lib/gcc/avr/4.8.1/avr6\libgcc.a(_divmodsi4.o)
 .data          0x00000000        0x0 c:/program files (x86)/atmel/atmel toolchain/avr8 gcc/native/3.4.1061/avr8-gnu-toolchain/bin/../lib/gcc/avr/4.8.1/avr6\libgcc.a(_divmodsi4.o)
 .bss           0x00000000        0x0 c:/program files (x86)/atmel/atmel toolchain/avr8 gcc/native/3.4.1061/avr8-gnu-toolchain/bin/../lib/gcc/avr/4.8.1/avr6\libgcc.a(_divmodsi4.o)
 .text.libgcc.mul
                0x00000000        0x0 c:/program files (x86)/atmel/atmel toolchain/avr8 gcc/native/3.4.1061/avr8-gnu-toolchain/bin/../lib/gcc/avr/4.8.1/avr6\libgcc.a(_divmodsi4.o)
 .text.libgcc   0x00000000        0x0 c:/program files (x86)/atmel/atmel toolchain/avr8 gcc/native/3.4.1061/avr8-gnu-toolchain/bin/../lib/gcc/avr/4.8.1/avr6\libgcc.a(_divmodsi4.o)
 .text.libgcc.prologue
                0x00000000        0x0 c:/program files (x86)/atmel/atmel toolchain/avr8 gcc/native/3.4.1061/avr8-gnu-toolchain/bin/../lib/gcc/avr/4.8.1/avr6\libgcc.a(_divmodsi4.o)
 .text.libgcc.builtins
                0x00000000        0x0 c:/program files (x86)/atmel/atmel toolchain/avr8 gcc/native/3.4.1061/avr8-gnu-toolchain/bin/../lib/gcc/avr/4.8.1/avr6\libgcc.a(_divmodsi4.o)
 .text.libgcc.fmul
                0x00000000        0x0 c:/program files (x86)/atmel/atmel toolchain/avr8 gcc/native/3.4.1061/avr8-gnu-toolchain/bin/../lib/gcc/avr/4.8.1/avr6\libgcc.a(_divmodsi4.o)
 .text.libgcc.fixed
                0x00000000        0x0 c:/program files (x86)/atmel/atmel toolchain/avr8 gcc/native/3.4.1061/avr8-gnu-toolchain/bin/../lib/gcc/avr/4.8.1/avr6\libgcc.a(_divmodsi4.o)
 .text          0x00000000        0x0 c:/program files (x86)/atmel/atmel toolchain/avr8 gcc/native/3.4.1061/avr8-gnu-toolchain/bin/../lib/gcc/avr/4.8.1/avr6\libgcc.a(_negsi2.o)
 .data          0x00000000        0x0 c:/program files (x86)/atmel/atmel toolchain/avr8 gcc/native/3.4.1061/avr8-gnu-toolchain/bin/../lib/gcc/avr/4.8.1/avr6\libgcc.a(_negsi2.o)
 .bss           0x00000000        0x0 c:/program files (x86)/atmel/atmel toolchain/avr8 gcc/native/3.4.1061/avr8-gnu-toolchain/bin/../lib/gcc/avr/4.8.1/avr6\libgcc.a(_negsi2.o)
 .text.libgcc.mul
                0x00000000        0x0 c:/program files (x86)/atmel/atmel toolchain/avr8 gcc/native/3.4.1061/avr8-gnu-toolchain/bin/../lib/gcc/avr/4.8.1/avr6\libgcc.a(_negsi2.o)
 .text.libgcc   0x00000000        0x0 c:/program files (x86)/atmel/atmel toolchain/avr8 gcc/native/3.4.1061/avr8-gnu-toolchain/bin/../lib/gcc/avr/4.8.1/avr6\libgcc.a(_negsi2.o)
 .text.libgcc.prologue
                0x00000000        0x0 c:/program files (x86)/atmel/atmel toolchain/avr8 gcc/native/3.4.1061/avr8-gnu-toolchain/bin/../lib/gcc/avr/4.8.1/avr6\libgcc.a(_negsi2.o)
 .text.libgcc.builtins
                0x00000000        0x0 c:/program files (x86)/atmel/atmel toolchain/avr8 gcc/native/3.4.1061/avr8-gnu-toolchain/bin/../lib/gcc/avr/4.8.1/avr6\libgcc.a(_negsi2.o)
 .text.libgcc.fmul
                0x00000000        0x0 c:/program files (x86)/atmel/atmel toolchain/avr8 gcc/native/3.4.1061/avr8-gnu-toolchain/bin/../lib/gcc/avr/4.8.1/avr6\libgcc.a(_negsi2.o)
 .text.libgcc.fixed
                0x00000000        0x0 c:/program files (x86)/atmel/atmel toolchain/avr8 gcc/native/3.4.1061/avr8-gnu-toolchain/bin/../lib/gcc/avr/4.8.1/avr6\libgcc.a(_negsi2.o)
 .text          0x00000000        0x0 c:/program files (x86)/atmel/atmel toolchain/avr8 gcc/native/3.4.1061/avr8-gnu-toolchain/bin/../lib/gcc/avr/4.8.1/avr6\libgcc.a(_exit.o)
 .data          0x00000000        0x0 c:/program files (x86)/atmel/atmel toolchain/avr8 gcc/native/3.4.1061/avr8-gnu-toolchain/bin/../lib/gcc/avr/4.8.1/avr6\libgcc.a(_exit.o)
 .bss           0x00000000        0x0 c:/program files (x86)/atmel/atmel toolchain/avr8 gcc/native/3.4.1061/avr8-gnu-toolchain/bin/../lib/gcc/avr/4.8.1/avr6\libgcc.a(_exit.o)
 .text.libgcc.mul
                0x00000000        0x0 c:/program files (x86)/atmel/atmel toolchain/avr8 gcc/native/3.4.1061/avr8-gnu-toolchain/bin/../lib/gcc/avr/4.8.1/avr6\libgcc.a(_exit.o)
 .text.libgcc.div
                0x00000000        0x0 c:/program files (x86)/atmel/atmel toolchain/avr8 gcc/native/3.4.1061/avr8-gnu-toolchain/bin/../lib/gcc/avr/4.8.1/avr6\libgcc.a(_exit.o)
 .text.libgcc   0x00000000        0x0 c:/program files (x86)/atmel/atmel toolchain/avr8 gcc/native/3.4.1061/avr8-gnu-toolchain/bin/../lib/gcc/avr/4.8.1/avr6\libgcc.a(_exit.o)
 .text.libgcc.prologue
                0x00000000        0x0 c:/program files (x86)/atmel/atmel toolchain/avr8 gcc/native/3.4.1061/avr8-gnu-toolchain/bin/../lib/gcc/avr/4.8.1/avr6\libgcc.a(_exit.o)
 .text.libgcc.builtins
                0x00000000        0x0 c:/program files (x86)/atmel/atmel toolchain/avr8 gcc/native/3.4.1061/avr8-gnu-toolchain/bin/../lib/gcc/avr/4.8.1/avr6\libgcc.a(_exit.o)
 .text.libgcc.fmul
                0x00000000        0x0 c:/program files (x86)/atmel/atmel toolchain/avr8 gcc/native/3.4.1061/avr8-gnu-toolchain/bin/../lib/gcc/avr/4.8.1/avr6\libgcc.a(_exit.o)
 .text.libgcc.fixed
                0x00000000        0x0 c:/program files (x86)/atmel/atmel toolchain/avr8 gcc/native/3.4.1061/avr8-gnu-toolchain/bin/../lib/gcc/avr/4.8.1/avr6\libgcc.a(_exit.o)
 .text          0x00000000        0x0 c:/program files (x86)/atmel/atmel toolchain/avr8 gcc/native/3.4.1061/avr8-gnu-toolchain/bin/../lib/gcc/avr/4.8.1/avr6\libgcc.a(_tablejump.o)
 .data          0x00000000        0x0 c:/program files (x86)/atmel/atmel toolchain/avr8 gcc/native/3.4.1061/avr8-gnu-toolchain/bin/../lib/gcc/avr/4.8.1/avr6\libgcc.a(_tablejump.o)
 .bss           0x00000000        0x0 c:/program files (x86)/atmel/atmel toolchain/avr8 gcc/native/3.4.1061/avr8-gnu-toolchain/bin/../lib/gcc/avr/4.8.1/avr6\libgcc.a(_tablejump.o)
 .text.libgcc.mul
                0x00000000        0x0 c:/program files (x86)/atmel/atmel toolchain/avr8 gcc/native/3.4.1061/avr8-gnu-toolchain/bin/../lib/gcc/avr/4.8.1/avr6\libgcc.a(_tablejump.o)
 .text.libgcc.div
                0x00000000        0x0 c:/program files (x86)/atmel/atmel toolchain/avr8 gcc/native/3.4.1061/avr8-gnu-toolchain/bin/../lib/gcc/avr/4.8.1/avr6\libgcc.a(_tablejump.o)
 .text.libgcc.prologue
                0x00000000        0x0 c:/program files (x86)/atmel/atmel toolchain/avr8 gcc/native/3.4.1061/avr8-gnu-toolchain/bin/../lib/gcc/avr/4.8.1/avr6\libgcc.a(_tablejump.o)
 .text.libgcc.builtins
                0x00000000        0x0 c:/program files (x86)/atmel/atmel toolchain/avr8 gcc/native/3.4.1061/avr8-gnu-toolchain/bin/../lib/gcc/avr/4.8.1/avr6\libgcc.a(_tablejump.o)
 .text.libgcc.fmul
                0x00000000        0x0 c:/program files (x86)/atmel/atmel toolchain/avr8 gcc/native/3.4.1061/avr8-gnu-toolchain/bin/../lib/gcc/avr/4.8.1/avr6\libgcc.a(_tablejump.o)
 .text.libgcc.fixed
                0x00000000        0x0 c:/program files (x86)/atmel/atmel toolchain/avr8 gcc/native/3.4.1061/avr8-gnu-toolchain/bin/../lib/gcc/avr/4.8.1/avr6\libgcc.a(_tablejump.o)
 .text          0x00000000        0x0 c:/program files (x86)/atmel/atmel toolchain/avr8 gcc/native/3.4.1061/avr8-gnu-toolchain/bin/../lib/gcc/avr/4.8.1/avr6\libgcc.a(_copy_data.o)
 .data          0x00000000        0x0 c:/program files (x86)/atmel/atmel toolchain/avr8 gcc/native/3.4.1061/avr8-gnu-toolchain/bin/../lib/gcc/avr/4.8.1/avr6\libgcc.a(_copy_data.o)
 .bss           0x00000000        0x0 c:/program files (x86)/atmel/atmel toolchain/avr8 gcc/native/3.4.1061/avr8-gnu-toolchain/bin/../lib/gcc/avr/4.8.1/avr6\libgcc.a(_copy_data.o)
 .text.libgcc.mul
                0x00000000        0x0 c:/program files (x86)/atmel/atmel toolchain/avr8 gcc/native/3.4.1061/avr8-gnu-toolchain/bin/../lib/gcc/avr/4.8.1/avr6\libgcc.a(_copy_data.o)
 .text.libgcc.div
                0x00000000        0x0 c:/program files (x86)/atmel/atmel toolchain/avr8 gcc/native/3.4.1061/avr8-gnu-toolchain/bin/../lib/gcc/avr/4.8.1/avr6\libgcc.a(_copy_data.o)
 .text.libgcc   0x00000000        0x0 c:/program files (x86)/atmel/atmel toolchain/avr8 gcc/native/3.4.1061/avr8-gnu-toolchain/bin/../lib/gcc/avr/4.8.1/avr6\libgcc.a(_copy_data.o)
 .text.libgcc.prologue
                0x00000000        0x0 c:/program files (x86)/atmel/atmel toolchain/avr8 gcc/native/3.4.1061/avr8-gnu-toolchain/bin/../lib/gcc/avr/4.8.1/avr6\libgcc.a(_copy_data.o)
 .text.libgcc.builtins
                0x00000000        0x0 c:/program files (x86)/atmel/atmel toolchain/avr8 gcc/native/3.4.1061/avr8-gnu-toolchain/bin/../lib/gcc/avr/4.8.1/avr6\libgcc.a(_copy_data.o)
 .text.libgcc.fmul
                0x00000000        0x0 c:/program files (x86)/atmel/atmel toolchain/avr8 gcc/native/3.4.1061/avr8-gnu-toolchain/bin/../lib/gcc/avr/4.8.1/avr6\libgcc.a(_copy_data.o)
 .text.libgcc.fixed
                0x00000000        0x0 c:/program files (x86)/atmel/atmel toolchain/avr8 gcc/native/3.4.1061/avr8-gnu-toolchain/bin/../lib/gcc/avr/4.8.1/avr6\libgcc.a(_copy_data.o)
 .text          0x00000000        0x0 c:/program files (x86)/atmel/atmel toolchain/avr8 gcc/native/3.4.1061/avr8-gnu-toolchain/bin/../lib/gcc/avr/4.8.1/avr6\libgcc.a(_clear_bss.o)
 .data          0x00000000        0x0 c:/program files (x86)/atmel/atmel toolchain/avr8 gcc/native/3.4.1061/avr8-gnu-toolchain/bin/../lib/gcc/avr/4.8.1/avr6\libgcc.a(_clear_bss.o)
 .bss           0x00000000        0x0 c:/program files (x86)/atmel/atmel toolchain/avr8 gcc/native/3.4.1061/avr8-gnu-toolchain/bin/../lib/gcc/avr/4.8.1/avr6\libgcc.a(_clear_bss.o)
 .text.libgcc.mul
                0x00000000        0x0 c:/program files (x86)/atmel/atmel toolchain/avr8 gcc/native/3.4.1061/avr8-gnu-toolchain/bin/../lib/gcc/avr/4.8.1/avr6\libgcc.a(_clear_bss.o)
 .text.libgcc.div
                0x00000000        0x0 c:/program files (x86)/atmel/atmel toolchain/avr8 gcc/native/3.4.1061/avr8-gnu-toolchain/bin/../lib/gcc/avr/4.8.1/avr6\libgcc.a(_clear_bss.o)
 .text.libgcc   0x00000000        0x0 c:/program files (x86)/atmel/atmel toolchain/avr8 gcc/native/3.4.1061/avr8-gnu-toolchain/bin/../lib/gcc/avr/4.8.1/avr6\libgcc.a(_clear_bss.o)
 .text.libgcc.prologue
                0x00000000        0x0 c:/program files (x86)/atmel/atmel toolchain/avr8 gcc/native/3.4.1061/avr8-gnu-toolchain/bin/../lib/gcc/avr/4.8.1/avr6\libgcc.a(_clear_bss.o)
 .text.libgcc.builtins
                0x00000000        0x0 c:/program files (x86)/atmel/atmel toolchain/avr8 gcc/native/3.4.1061/avr8-gnu-toolchain/bin/../lib/gcc/avr/4.8.1/avr6\libgcc.a(_clear_bss.o)
 .text.libgcc.fmul
                0x00000000        0x0 c:/program files (x86)/atmel/atmel toolchain/avr8 gcc/native/3.4.1061/avr8-gnu-toolchain/bin/../lib/gcc/avr/4.8.1/avr6\libgcc.a(_clear_bss.o)
 .text.libgcc.fixed
                0x00000000        0x0 c:/program files (x86)/atmel/atmel toolchain/avr8 gcc/native/3.4.1061/avr8-gnu-toolchain/bin/../lib/gcc/avr/4.8.1/avr6\libgcc.a(_clear_bss.o)
 .text          0x00000000        0x0 c:/program files (x86)/atmel/atmel toolchain/avr8 gcc/native/3.4.1061/avr8-gnu-toolchain/bin/../lib/gcc/avr/4.8.1/avr6\libgcc.a(_umulhisi3.o)
 .data          0x00000000        0x0 c:/program files (x86)/atmel/atmel toolchain/avr8 gcc/native/3.4.1061/avr8-gnu-toolchain/bin/../lib/gcc/avr/4.8.1/avr6\libgcc.a(_umulhisi3.o)
 .bss           0x00000000        0x0 c:/program files (x86)/atmel/atmel toolchain/avr8 gcc/native/3.4.1061/avr8-gnu-toolchain/bin/../lib/gcc/avr/4.8.1/avr6\libgcc.a(_umulhisi3.o)
 .text.libgcc.div
                0x00000000        0x0 c:/program files (x86)/atmel/atmel toolchain/avr8 gcc/native/3.4.1061/avr8-gnu-toolchain/bin/../lib/gcc/avr/4.8.1/avr6\libgcc.a(_umulhisi3.o)
 .text.libgcc   0x00000000        0x0 c:/program files (x86)/atmel/atmel toolchain/avr8 gcc/native/3.4.1061/avr8-gnu-toolchain/bin/../lib/gcc/avr/4.8.1/avr6\libgcc.a(_umulhisi3.o)
 .text.libgcc.prologue
                0x00000000        0x0 c:/program files (x86)/atmel/atmel toolchain/avr8 gcc/native/3.4.1061/avr8-gnu-toolchain/bin/../lib/gcc/avr/4.8.1/avr6\libgcc.a(_umulhisi3.o)
 .text.libgcc.builtins
                0x00000000        0x0 c:/program files (x86)/atmel/atmel toolchain/avr8 gcc/native/3.4.1061/avr8-gnu-toolchain/bin/../lib/gcc/avr/4.8.1/avr6\libgcc.a(_umulhisi3.o)
 .text.libgcc.fmul
                0x00000000        0x0 c:/program files (x86)/atmel/atmel toolchain/avr8 gcc/native/3.4.1061/avr8-gnu-toolchain/bin/../lib/gcc/avr/4.8.1/avr6\libgcc.a(_umulhisi3.o)
 .text.libgcc.fixed
                0x00000000        0x0 c:/program files (x86)/atmel/atmel toolchain/avr8 gcc/native/3.4.1061/avr8-gnu-toolchain/bin/../lib/gcc/avr/4.8.1/avr6\libgcc.a(_umulhisi3.o)
 .text          0x00000000        0x0 c:/program files (x86)/atmel/atmel toolchain/avr8 gcc/native/3.4.1061/avr8-gnu-toolchain/bin/../lib/gcc/avr/4.8.1/avr6\libgcc.a(_udivmodhi4.o)
 .data          0x00000000        0x0 c:/program files (x86)/atmel/atmel toolchain/avr8 gcc/native/3.4.1061/avr8-gnu-toolchain/bin/../lib/gcc/avr/4.8.1/avr6\libgcc.a(_udivmodhi4.o)
 .bss           0x00000000        0x0 c:/program files (x86)/atmel/atmel toolchain/avr8 gcc/native/3.4.1061/avr8-gnu-toolchain/bin/../lib/gcc/avr/4.8.1/avr6\libgcc.a(_udivmodhi4.o)
 .text.libgcc.mul
                0x00000000        0x0 c:/program files (x86)/atmel/atmel toolchain/avr8 gcc/native/3.4.1061/avr8-gnu-toolchain/bin/../lib/gcc/avr/4.8.1/avr6\libgcc.a(_udivmodhi4.o)
 .text.libgcc   0x00000000        0x0 c:/program files (x86)/atmel/atmel toolchain/avr8 gcc/native/3.4.1061/avr8-gnu-toolchain/bin/../lib/gcc/avr/4.8.1/avr6\libgcc.a(_udivmodhi4.o)
 .text.libgcc.prologue
                0x00000000        0x0 c:/program files (x86)/atmel/atmel toolchain/avr8 gcc/native/3.4.1061/avr8-gnu-toolchain/bin/../lib/gcc/avr/4.8.1/avr6\libgcc.a(_udivmodhi4.o)
 .text.libgcc.builtins
                0x00000000        0x0 c:/program files (x86)/atmel/atmel toolchain/avr8 gcc/native/3.4.1061/avr8-gnu-toolchain/bin/../lib/gcc/avr/4.8.1/avr6\libgcc.a(_udivmodhi4.o)
 .text.libgcc.fmul
                0x00000000        0x0 c:/program files (x86)/atmel/atmel toolchain/avr8 gcc/native/3.4.1061/avr8-gnu-toolchain/bin/../lib/gcc/avr/4.8.1/avr6\libgcc.a(_udivmodhi4.o)
 .text.libgcc.fixed
                0x00000000        0x0 c:/program files (x86)/atmel/atmel toolchain/avr8 gcc/native/3.4.1061/avr8-gnu-toolchain/bin/../lib/gcc/avr/4.8.1/avr6\libgcc.a(_udivmodhi4.o)
 .text          0x00000000        0x0 c:/program files (x86)/atmel/atmel toolchain/avr8 gcc/native/3.4.1061/avr8-gnu-toolchain/bin/../lib/gcc/avr/4.8.1/../../../../avr/lib/avr6\libc.a(malloc.o)
 .bss           0x00000000        0x0 c:/program files (x86)/atmel/atmel toolchain/avr8 gcc/native/3.4.1061/avr8-gnu-toolchain/bin/../lib/gcc/avr/4.8.1/../../../../avr/lib/avr6\libc.a(malloc.o)
 .text          0x00000000        0x0 c:/program files (x86)/atmel/atmel toolchain/avr8 gcc/native/3.4.1061/avr8-gnu-toolchain/bin/../lib/gcc/avr/4.8.1/../../../../avr/lib/avr6\libc.a(atoi.o)
 .data          0x00000000        0x0 c:/program files (x86)/atmel/atmel toolchain/avr8 gcc/native/3.4.1061/avr8-gnu-toolchain/bin/../lib/gcc/avr/4.8.1/../../../../avr/lib/avr6\libc.a(atoi.o)
 .bss           0x00000000        0x0 c:/program files (x86)/atmel/atmel toolchain/avr8 gcc/native/3.4.1061/avr8-gnu-toolchain/bin/../lib/gcc/avr/4.8.1/../../../../avr/lib/avr6\libc.a(atoi.o)
 .text          0x00000000        0x0 c:/program files (x86)/atmel/atmel toolchain/avr8 gcc/native/3.4.1061/avr8-gnu-toolchain/bin/../lib/gcc/avr/4.8.1/../../../../avr/lib/avr6\libc.a(memcpy.o)
 .data          0x00000000        0x0 c:/program files (x86)/atmel/atmel toolchain/avr8 gcc/native/3.4.1061/avr8-gnu-toolchain/bin/../lib/gcc/avr/4.8.1/../../../../avr/lib/avr6\libc.a(memcpy.o)
 .bss           0x00000000        0x0 c:/program files (x86)/atmel/atmel toolchain/avr8 gcc/native/3.4.1061/avr8-gnu-toolchain/bin/../lib/gcc/avr/4.8.1/../../../../avr/lib/avr6\libc.a(memcpy.o)
 .text          0x00000000        0x0 c:/program files (x86)/atmel/atmel toolchain/avr8 gcc/native/3.4.1061/avr8-gnu-toolchain/bin/../lib/gcc/avr/4.8.1/../../../../avr/lib/avr6\libc.a(mul10.o)
 .data          0x00000000        0x0 c:/program files (x86)/atmel/atmel toolchain/avr8 gcc/native/3.4.1061/avr8-gnu-toolchain/bin/../lib/gcc/avr/4.8.1/../../../../avr/lib/avr6\libc.a(mul10.o)
 .bss           0x00000000        0x0 c:/program files (x86)/atmel/atmel toolchain/avr8 gcc/native/3.4.1061/avr8-gnu-toolchain/bin/../lib/gcc/avr/4.8.1/../../../../avr/lib/avr6\libc.a(mul10.o)
 .text          0x00000000        0x0 c:/program files (x86)/atmel/atmel toolchain/avr8 gcc/native/3.4.1061/avr8-gnu-toolchain/bin/../lib/gcc/avr/4.8.1/../../../../avr/lib/avr6\libc.a(sprintf.o)
 .data          0x00000000        0x0 c:/program files (x86)/atmel/atmel toolchain/avr8 gcc/native/3.4.1061/avr8-gnu-toolchain/bin/../lib/gcc/avr/4.8.1/../../../../avr/lib/avr6\libc.a(sprintf.o)
 .bss           0x00000000        0x0 c:/program files (x86)/atmel/atmel toolchain/avr8 gcc/native/3.4.1061/avr8-gnu-toolchain/bin/../lib/gcc/avr/4.8.1/../../../../avr/lib/avr6\libc.a(sprintf.o)
 .text          0x00000000        0x0 c:/program files (x86)/atmel/atmel toolchain/avr8 gcc/native/3.4.1061/avr8-gnu-toolchain/bin/../lib/gcc/avr/4.8.1/../../../../avr/lib/avr6\libc.a(vfprintf_std.o)
 .data          0x00000000        0x0 c:/program files (x86)/atmel/atmel toolchain/avr8 gcc/native/3.4.1061/avr8-gnu-toolchain/bin/../lib/gcc/avr/4.8.1/../../../../avr/lib/avr6\libc.a(vfprintf_std.o)
 .bss           0x00000000        0x0 c:/program files (x86)/atmel/atmel toolchain/avr8 gcc/native/3.4.1061/avr8-gnu-toolchain/bin/../lib/gcc/avr/4.8.1/../../../../avr/lib/avr6\libc.a(vfprintf_std.o)
 .text          0x00000000        0x0 c:/program files (x86)/atmel/atmel toolchain/avr8 gcc/native/3.4.1061/avr8-gnu-toolchain/bin/../lib/gcc/avr/4.8.1/../../../../avr/lib/avr6\libc.a(strnlen_P.o)
 .data          0x00000000        0x0 c:/program files (x86)/atmel/atmel toolchain/avr8 gcc/native/3.4.1061/avr8-gnu-toolchain/bin/../lib/gcc/avr/4.8.1/../../../../avr/lib/avr6\libc.a(strnlen_P.o)
 .bss           0x00000000        0x0 c:/program files (x86)/atmel/atmel toolchain/avr8 gcc/native/3.4.1061/avr8-gnu-toolchain/bin/../lib/gcc/avr/4.8.1/../../../../avr/lib/avr6\libc.a(strnlen_P.o)
 .text          0x00000000        0x0 c:/program files (x86)/atmel/atmel toolchain/avr8 gcc/native/3.4.1061/avr8-gnu-toolchain/bin/../lib/gcc/avr/4.8.1/../../../../avr/lib/avr6\libc.a(strnlen.o)
 .data          0x00000000        0x0 c:/program files (x86)/atmel/atmel toolchain/avr8 gcc/native/3.4.1061/avr8-gnu-toolchain/bin/../lib/gcc/avr/4.8.1/../../../../avr/lib/avr6\libc.a(strnlen.o)
 .bss           0x00000000        0x0 c:/program files (x86)/atmel/atmel toolchain/avr8 gcc/native/3.4.1061/avr8-gnu-toolchain/bin/../lib/gcc/avr/4.8.1/../../../../avr/lib/avr6\libc.a(strnlen.o)
 .text          0x00000000        0x0 c:/program files (x86)/atmel/atmel toolchain/avr8 gcc/native/3.4.1061/avr8-gnu-toolchain/bin/../lib/gcc/avr/4.8.1/../../../../avr/lib/avr6\libc.a(fputc.o)
 .data          0x00000000        0x0 c:/program files (x86)/atmel/atmel toolchain/avr8 gcc/native/3.4.1061/avr8-gnu-toolchain/bin/../lib/gcc/avr/4.8.1/../../../../avr/lib/avr6\libc.a(fputc.o)
 .bss           0x00000000        0x0 c:/program files (x86)/atmel/atmel toolchain/avr8 gcc/native/3.4.1061/avr8-gnu-toolchain/bin/../lib/gcc/avr/4.8.1/../../../../avr/lib/avr6\libc.a(fputc.o)
 .text          0x00000000        0x0 c:/program files (x86)/atmel/atmel toolchain/avr8 gcc/native/3.4.1061/avr8-gnu-toolchain/bin/../lib/gcc/avr/4.8.1/../../../../avr/lib/avr6\libc.a(ultoa_invert.o)
 .data          0x00000000        0x0 c:/program files (x86)/atmel/atmel toolchain/avr8 gcc/native/3.4.1061/avr8-gnu-toolchain/bin/../lib/gcc/avr/4.8.1/../../../../avr/lib/avr6\libc.a(ultoa_invert.o)
 .bss           0x00000000        0x0 c:/program files (x86)/atmel/atmel toolchain/avr8 gcc/native/3.4.1061/avr8-gnu-toolchain/bin/../lib/gcc/avr/4.8.1/../../../../avr/lib/avr6\libc.a(ultoa_invert.o)

Memory Configuration

Name             Origin             Length             Attributes
text             0x00000000         0x00100000         xr
data             0x00800200         0x0000fe00         rw !x
eeprom           0x00810000         0x00010000         rw !x
fuse             0x00820000         0x00000400         rw !x
lock             0x00830000         0x00000400         rw !x
signature        0x00840000         0x00000400         rw !x
user_signatures  0x00850000         0x00000400         rw !x
*default*        0x00000000         0xffffffff

Linker script and memory map

Address of section .data set to 0x800200
LOAD c:/program files (x86)/atmel/atmel toolchain/avr8 gcc/native/3.4.1061/avr8-gnu-toolchain/bin/../lib/gcc/avr/4.8.1/../../../../avr/lib/avr6/crtm2561.o
LOAD board_driver/board.o
LOAD buffer/buffer.o
LOAD dialog_handler/dialog_handler.o
LOAD FreeRTOS/Source/croutine.o
LOAD FreeRTOS/Source/event_groups.o
LOAD FreeRTOS/Source/list.o
LOAD FreeRTOS/Source/portable/GCC/ATMega256x/port.o
LOAD FreeRTOS/Source/portable/MemMang/heap_1.o
LOAD FreeRTOS/Source/queue.o
LOAD FreeRTOS/Source/tasks.o
LOAD FreeRTOS/Source/timers.o
LOAD main.o
LOAD serial/serial.o
LOAD spi/spi.o
START GROUP
LOAD c:/program files (x86)/atmel/atmel toolchain/avr8 gcc/native/3.4.1061/avr8-gnu-toolchain/bin/../lib/gcc/avr/4.8.1/../../../../avr/lib/avr6\libm.a
END GROUP
START GROUP
LOAD c:/program files (x86)/atmel/atmel toolchain/avr8 gcc/native/3.4.1061/avr8-gnu-toolchain/bin/../lib/gcc/avr/4.8.1/avr6\libgcc.a
LOAD c:/program files (x86)/atmel/atmel toolchain/avr8 gcc/native/3.4.1061/avr8-gnu-toolchain/bin/../lib/gcc/avr/4.8.1/../../../../avr/lib/avr6\libm.a
LOAD c:/program files (x86)/atmel/atmel toolchain/avr8 gcc/native/3.4.1061/avr8-gnu-toolchain/bin/../lib/gcc/avr/4.8.1/../../../../avr/lib/avr6\libc.a
END GROUP

.hash
 *(.hash)

.dynsym
 *(.dynsym)

.dynstr
 *(.dynstr)

.gnu.version
 *(.gnu.version)

.gnu.version_d
 *(.gnu.version_d)

.gnu.version_r
 *(.gnu.version_r)

.rel.init
 *(.rel.init)

.rela.init
 *(.rela.init)

.rel.text
 *(.rel.text)
 *(.rel.text.*)
 *(.rel.gnu.linkonce.t*)

.rela.text
 *(.rela.text)
 *(.rela.text.*)
 *(.rela.gnu.linkonce.t*)

.rel.fini
 *(.rel.fini)

.rela.fini
 *(.rela.fini)

.rel.rodata
 *(.rel.rodata)
 *(.rel.rodata.*)
 *(.rel.gnu.linkonce.r*)

.rela.rodata
 *(.rela.rodata)
 *(.rela.rodata.*)
 *(.rela.gnu.linkonce.r*)

.rel.data
 *(.rel.data)
 *(.rel.data.*)
 *(.rel.gnu.linkonce.d*)

.rela.data
 *(.rela.data)
 *(.rela.data.*)
 *(.rela.gnu.linkonce.d*)

.rel.ctors
 *(.rel.ctors)

.rela.ctors
 *(.rela.ctors)

.rel.dtors
 *(.rel.dtors)

.rela.dtors
 *(.rela.dtors)

.rel.got
 *(.rel.got)

.rela.got
 *(.rela.got)

.rel.bss
 *(.rel.bss)

.rela.bss
 *(.rela.bss)

.rel.plt
 *(.rel.plt)

.rela.plt
 *(.rela.plt)

.text           0x00000000     0x3cf8
 *(.vectors)
 .vectors       0x00000000       0xcc c:/program files (x86)/atmel/atmel toolchain/avr8 gcc/native/3.4.1061/avr8-gnu-toolchain/bin/../lib/gcc/avr/4.8.1/../../../../avr/lib/avr6/crtm2561.o
                0x00000000                __vector_default
                0x00000000                __vectors
 *(.vectors)
 *(.progmem.gcc*)
 .progmem.gcc_sw_table.prvTimerTask
                0x000000cc       0x14 FreeRTOS/Source/timers.o
 .progmem.gcc_sw_table.bt_com_call_back
                0x000000e0       0x66 main.o
                0x00000146                . = ALIGN (0x2)
                0x00000146                __trampolines_start = .
 *(.trampolines)
 .trampolines   0x00000146        0x0 linker stubs
 *(.trampolines*)
                0x00000146                __trampolines_end = .
 *(.progmem*)
                0x00000146                . = ALIGN (0x2)
 *(.jumptables)
 *(.jumptables*)
 *(.lowtext)
 .lowtext       0x00000146       0x74 FreeRTOS/Source/tasks.o
 *(.lowtext*)
                0x000001ba                __ctors_start = .
 *(.ctors)
                0x000001ba                __ctors_end = .
                0x000001ba                __dtors_start = .
 *(.dtors)
                0x000001ba                __dtors_end = .
 SORT(*)(.ctors)
 SORT(*)(.dtors)
 *(.init0)
 .init0         0x000001ba        0x0 c:/program files (x86)/atmel/atmel toolchain/avr8 gcc/native/3.4.1061/avr8-gnu-toolchain/bin/../lib/gcc/avr/4.8.1/../../../../avr/lib/avr6/crtm2561.o
                0x000001ba                __init
 *(.init0)
 *(.init1)
 *(.init1)
 *(.init2)
 .init2         0x000001ba       0x10 c:/program files (x86)/atmel/atmel toolchain/avr8 gcc/native/3.4.1061/avr8-gnu-toolchain/bin/../lib/gcc/avr/4.8.1/../../../../avr/lib/avr6/crtm2561.o
 *(.init2)
 *(.init3)
 *(.init3)
 *(.init4)
 .init4         0x000001ca       0x1a c:/program files (x86)/atmel/atmel toolchain/avr8 gcc/native/3.4.1061/avr8-gnu-toolchain/bin/../lib/gcc/avr/4.8.1/avr6\libgcc.a(_copy_data.o)
                0x000001ca                __do_copy_data
 .init4         0x000001e4       0x10 c:/program files (x86)/atmel/atmel toolchain/avr8 gcc/native/3.4.1061/avr8-gnu-toolchain/bin/../lib/gcc/avr/4.8.1/avr6\libgcc.a(_clear_bss.o)
                0x000001e4                __do_clear_bss
 *(.init4)
 *(.init5)
 *(.init5)
 *(.init6)
 *(.init6)
 *(.init7)
 *(.init7)
 *(.init8)
 *(.init8)
 *(.init9)
 .init9         0x000001f4        0x8 c:/program files (x86)/atmel/atmel toolchain/avr8 gcc/native/3.4.1061/avr8-gnu-toolchain/bin/../lib/gcc/avr/4.8.1/../../../../avr/lib/avr6/crtm2561.o
 *(.init9)
 *(.text)
 .text          0x000001fc        0x2 c:/program files (x86)/atmel/atmel toolchain/avr8 gcc/native/3.4.1061/avr8-gnu-toolchain/bin/../lib/gcc/avr/4.8.1/../../../../avr/lib/avr6/crtm2561.o
                0x000001fc                __vector_38
                0x000001fc                __vector_22
                0x000001fc                __vector_28
                0x000001fc                __vector_32
                0x000001fc                __vector_34
                0x000001fc                __vector_12
                0x000001fc                __vector_46
                0x000001fc                __bad_interrupt
                0x000001fc                __vector_6
                0x000001fc                __vector_31
                0x000001fc                __vector_35
                0x000001fc                __vector_39
                0x000001fc                __vector_3
                0x000001fc                __vector_23
                0x000001fc                __vector_30
                0x000001fc                __vector_45
                0x000001fc                __vector_11
                0x000001fc                __vector_17
                0x000001fc                __vector_19
                0x000001fc                __vector_7
                0x000001fc                __vector_49
                0x000001fc                __vector_41
                0x000001fc                __vector_43
                0x000001fc                __vector_27
                0x000001fc                __vector_5
                0x000001fc                __vector_33
                0x000001fc                __vector_47
                0x000001fc                __vector_4
                0x000001fc                __vector_44
                0x000001fc                __vector_9
                0x000001fc                __vector_2
                0x000001fc                __vector_15
                0x000001fc                __vector_29
                0x000001fc                __vector_40
                0x000001fc                __vector_8
                0x000001fc                __vector_48
                0x000001fc                __vector_14
                0x000001fc                __vector_10
                0x000001fc                __vector_50
                0x000001fc                __vector_16
                0x000001fc                __vector_18
                0x000001fc                __vector_20
                0x000001fc                __vector_42
                0x000001fe                . = ALIGN (0x2)
 *(.text.*)
 .text._bt_status_call_back
                0x000001fe       0x14 board_driver/board.o
                0x000001fe                _bt_status_call_back
 .text._bt_call_back
                0x00000212       0x4c board_driver/board.o
 .text._mpu9250_read_reg
                0x0000025e       0x8a board_driver/board.o
 .text._send_bytes_to_bt
                0x000002e8       0x12 board_driver/board.o
 .text._mpu9250_call_back
                0x000002fa      0x214 board_driver/board.o
 .text.set_horn
                0x0000050e        0xc board_driver/board.o
                0x0000050e                set_horn
 .text.set_head_light
                0x0000051a        0xc board_driver/board.o
                0x0000051a                set_head_light
 .text.set_brake_light
                0x00000526        0xc board_driver/board.o
                0x00000526                set_brake_light
 .text.set_motor_speed
                0x00000532       0x46 board_driver/board.o
                0x00000532                set_motor_speed
 .text.init_main_board
                0x00000578      0x15e board_driver/board.o
                0x00000578                init_main_board
 .text.set_brake
                0x000006d6       0x46 board_driver/board.o
                0x000006d6                set_brake
 .text.get_raw_x_accel
                0x0000071c       0x10 board_driver/board.o
                0x0000071c                get_raw_x_accel
 .text.get_raw_y_accel
                0x0000072c       0x10 board_driver/board.o
                0x0000072c                get_raw_y_accel
 .text.get_raw_x_rotation
                0x0000073c       0x10 board_driver/board.o
                0x0000073c                get_raw_x_rotation
 .text.get_raw_y_rotation
                0x0000074c       0x10 board_driver/board.o
                0x0000074c                get_raw_y_rotation
 .text.get_raw_z_rotation
                0x0000075c       0x10 board_driver/board.o
                0x0000075c                get_raw_z_rotation
 .text.get_tacho_count
                0x0000076c       0x34 board_driver/board.o
                0x0000076c                get_tacho_count
 .text.set_bt_reset
                0x000007a0        0xc board_driver/board.o
                0x000007a0                set_bt_reset
 .text.bt_send_bytes
                0x000007ac       0x12 board_driver/board.o
                0x000007ac                bt_send_bytes
 .text.init_bt_module
                0x000007be       0x26 board_driver/board.o
                0x000007be                init_bt_module
 .text.set_goal_line_semaphore
                0x000007e4        0xe board_driver/board.o
                0x000007e4                set_goal_line_semaphore
 .text.__vector_1
                0x000007f2       0x6a board_driver/board.o
                0x000007f2                __vector_1
 .text.__vector_13
                0x0000085c       0x6a board_driver/board.o
                0x0000085c                __vector_13
 .text.buffer_init
                0x000008c6        0xa buffer/buffer.o
                0x000008c6                buffer_init
 .text.buffer_get_item
                0x000008d0       0x34 buffer/buffer.o
                0x000008d0                buffer_get_item
 .text.buffer_put_item
                0x00000904       0x2c buffer/buffer.o
                0x00000904                buffer_put_item
 .text.buffer_no_of_items
                0x00000930        0x6 buffer/buffer.o
                0x00000930                buffer_no_of_items
 .text.buffer_clear
                0x00000936        0xa buffer/buffer.o
                0x00000936                buffer_clear
 .text._dialog_prepare_for_next_byte
                0x00000940      0x120 dialog_handler/dialog_handler.o
 .text._dialog_goto_state
                0x00000a60       0xbc dialog_handler/dialog_handler.o
 .text.dialog_start
                0x00000b1c       0x22 dialog_handler/dialog_handler.o
                0x00000b1c                dialog_start
 .text.dialog_tick
                0x00000b3e       0x2e dialog_handler/dialog_handler.o
                0x00000b3e                dialog_tick
 .text.dialog_byte_received
                0x00000b6c      0x1e6 dialog_handler/dialog_handler.o
                0x00000b6c                dialog_byte_received
 .text.vListInitialise
                0x00000d52       0x1c FreeRTOS/Source/list.o
                0x00000d52                vListInitialise
 .text.vListInitialiseItem
                0x00000d6e        0x8 FreeRTOS/Source/list.o
                0x00000d6e                vListInitialiseItem
 .text.vListInsertEnd
                0x00000d76       0x42 FreeRTOS/Source/list.o
                0x00000d76                vListInsertEnd
 .text.vListInsert
                0x00000db8       0x62 FreeRTOS/Source/list.o
                0x00000db8                vListInsert
 .text.uxListRemove
                0x00000e1a       0x4c FreeRTOS/Source/list.o
                0x00000e1a                uxListRemove
 .text.pxPortInitialiseStack
                0x00000e66       0xe4 FreeRTOS/Source/portable/GCC/ATMega256x/port.o
                0x00000e66                pxPortInitialiseStack
 .text.xPortStartScheduler
                0x00000f4a       0x8c FreeRTOS/Source/portable/GCC/ATMega256x/port.o
                0x00000f4a                xPortStartScheduler
 .text.vPortYield
                0x00000fd6       0xc0 FreeRTOS/Source/portable/GCC/ATMega256x/port.o
                0x00000fd6                vPortYield
 .text.vPortYieldFromTick
                0x00001096       0xea FreeRTOS/Source/portable/GCC/ATMega256x/port.o
                0x00001096                vPortYieldFromTick
 .text.__vector_21
                0x00001180        0x4 FreeRTOS/Source/portable/GCC/ATMega256x/port.o
                0x00001180                __vector_21
 .text.pvPortMalloc
                0x00001184       0x66 FreeRTOS/Source/portable/MemMang/heap_1.o
                0x00001184                pvPortMalloc
 .text.vPortFree
                0x000011ea        0x2 FreeRTOS/Source/portable/MemMang/heap_1.o
                0x000011ea                vPortFree
 .text.prvCopyDataToQueue
                0x000011ec       0xc2 FreeRTOS/Source/queue.o
 .text.prvCopyDataFromQueue
                0x000012ae       0x34 FreeRTOS/Source/queue.o
 .text.prvUnlockQueue
                0x000012e2       0x8c FreeRTOS/Source/queue.o
 .text.xQueueGenericReset
                0x0000136e       0x72 FreeRTOS/Source/queue.o
                0x0000136e                xQueueGenericReset
 .text.xQueueGenericCreate
                0x000013e0       0x56 FreeRTOS/Source/queue.o
                0x000013e0                xQueueGenericCreate
 .text.xQueueGenericSend
                0x00001436      0x126 FreeRTOS/Source/queue.o
                0x00001436                xQueueGenericSend
 .text.xQueueGenericSendFromISR
                0x0000155c       0x64 FreeRTOS/Source/queue.o
                0x0000155c                xQueueGenericSendFromISR
 .text.xQueueGiveFromISR
                0x000015c0       0x54 FreeRTOS/Source/queue.o
                0x000015c0                xQueueGiveFromISR
 .text.xQueueGenericReceive
                0x00001614      0x166 FreeRTOS/Source/queue.o
                0x00001614                xQueueGenericReceive
 .text.vQueueWaitForMessageRestricted
                0x0000177a       0x36 FreeRTOS/Source/queue.o
                0x0000177a                vQueueWaitForMessageRestricted
 .text.prvResetNextTaskUnblockTime
                0x000017b0       0x3e FreeRTOS/Source/tasks.o
 .text.prvAddCurrentTaskToDelayedList
                0x000017ee       0x6a FreeRTOS/Source/tasks.o
 .text.xTaskGenericCreate
                0x00001858      0x1f6 FreeRTOS/Source/tasks.o
                0x00001858                xTaskGenericCreate
 .text.vTaskDelete
                0x00001a4e       0x84 FreeRTOS/Source/tasks.o
                0x00001a4e                vTaskDelete
 .text.vTaskStartScheduler
                0x00001ad2       0x58 FreeRTOS/Source/tasks.o
                0x00001ad2                vTaskStartScheduler
 .text.vTaskSuspendAll
                0x00001b2a        0xc FreeRTOS/Source/tasks.o
                0x00001b2a                vTaskSuspendAll
 .text.xTaskGetTickCount
                0x00001b36       0x14 FreeRTOS/Source/tasks.o
                0x00001b36                xTaskGetTickCount
 .text.xTaskIncrementTick
                0x00001b4a      0x176 FreeRTOS/Source/tasks.o
                0x00001b4a                xTaskIncrementTick
 .text.xTaskResumeAll
                0x00001cc0       0xfc FreeRTOS/Source/tasks.o
                0x00001cc0                xTaskResumeAll
 .text.vTaskDelay
                0x00001dbc       0x36 FreeRTOS/Source/tasks.o
                0x00001dbc                vTaskDelay
 .text.vTaskSwitchContext
                0x00001df2       0xf0 FreeRTOS/Source/tasks.o
                0x00001df2                vTaskSwitchContext
 .text.vTaskPlaceOnEventList
                0x00001ee2       0x38 FreeRTOS/Source/tasks.o
                0x00001ee2                vTaskPlaceOnEventList
 .text.vTaskPlaceOnEventListRestricted
                0x00001f1a       0x38 FreeRTOS/Source/tasks.o
                0x00001f1a                vTaskPlaceOnEventListRestricted
 .text.xTaskRemoveFromEventList
                0x00001f52       0x90 FreeRTOS/Source/tasks.o
                0x00001f52                xTaskRemoveFromEventList
 .text.vTaskSetTimeOutState
                0x00001fe2       0x16 FreeRTOS/Source/tasks.o
                0x00001fe2                vTaskSetTimeOutState
 .text.xTaskCheckForTimeOut
                0x00001ff8       0x64 FreeRTOS/Source/tasks.o
                0x00001ff8                xTaskCheckForTimeOut
 .text.vTaskMissedYield
                0x0000205c        0x8 FreeRTOS/Source/tasks.o
                0x0000205c                vTaskMissedYield
 .text.xTaskGetSchedulerState
                0x00002064       0x1c FreeRTOS/Source/tasks.o
                0x00002064                xTaskGetSchedulerState
 .text.vTaskPriorityInherit
                0x00002080       0xbc FreeRTOS/Source/tasks.o
                0x00002080                vTaskPriorityInherit
 .text.xTaskPriorityDisinherit
                0x0000213c       0x7e FreeRTOS/Source/tasks.o
                0x0000213c                xTaskPriorityDisinherit
 .text.pvTaskIncrementMutexHeldCount
                0x000021ba       0x24 FreeRTOS/Source/tasks.o
                0x000021ba                pvTaskIncrementMutexHeldCount
 .text.prvInsertTimerInActiveList
                0x000021de       0x5e FreeRTOS/Source/timers.o
 .text.prvCheckForValidListAndQueue
                0x0000223c       0x50 FreeRTOS/Source/timers.o
 .text.xTimerCreateTimerTask
                0x0000228c       0x50 FreeRTOS/Source/timers.o
                0x0000228c                xTimerCreateTimerTask
 .text.xTimerGenericCommand
                0x000022dc       0x88 FreeRTOS/Source/timers.o
                0x000022dc                xTimerGenericCommand
 .text.prvSampleTimeNow
                0x00002364       0xdc FreeRTOS/Source/timers.o
 .text.prvTimerTask
                0x00002440      0x1a8 FreeRTOS/Source/timers.o
 .text.bt_status_call_back
                0x000025e8        0xc main.o
                0x000025e8                bt_status_call_back
 .text.vLearnTrack
                0x000025f4      0x234 main.o
                0x000025f4                vLearnTrack
 .text.vCountTacho
                0x00002828       0x4e main.o
                0x00002828                vCountTacho
 .text.vAdjustSpeed
                0x00002876       0xda main.o
                0x00002876                vAdjustSpeed
 .text.vGoalLineTask
                0x00002950       0x34 main.o
 .text.bt_com_call_back
                0x00002984      0x21a main.o
                0x00002984                bt_com_call_back
 .text.vstartupTask
                0x00002b9e       0xb4 main.o
 .text.main     0x00002c52       0x4c main.o
                0x00002c52                main
 .text.vApplicationStackOverflowHook
                0x00002c9e        0x2 main.o
                0x00002c9e                vApplicationStackOverflowHook
 .text.serial_new_instance
                0x00002ca0       0xee serial/serial.o
                0x00002ca0                serial_new_instance
 .text.serial_send_bytes
                0x00002d8e       0x7e serial/serial.o
                0x00002d8e                serial_send_bytes
 .text.__vector_25
                0x00002e0c       0x84 serial/serial.o
                0x00002e0c                __vector_25
 .text.__vector_26
                0x00002e90       0x98 serial/serial.o
                0x00002e90                __vector_26
 .text.__vector_36
                0x00002f28       0x84 serial/serial.o
                0x00002f28                __vector_36
 .text.__vector_37
                0x00002fac       0x98 serial/serial.o
                0x00002fac                __vector_37
 .text._select_instance
                0x00003044       0x74 spi/spi.o
 .text.spi_new_instance
                0x000030b8      0x11a spi/spi.o
                0x000030b8                spi_new_instance
 .text.spi_send_string
                0x000031d2      0x102 spi/spi.o
                0x000031d2                spi_send_string
 .text.__vector_24
                0x000032d4       0xfe spi/spi.o
                0x000032d4                __vector_24
 .text.libgcc.div
                0x000033d2       0x26 c:/program files (x86)/atmel/atmel toolchain/avr8 gcc/native/3.4.1061/avr8-gnu-toolchain/bin/../lib/gcc/avr/4.8.1/avr6\libgcc.a(_divmodhi4.o)
                0x000033d2                _div
                0x000033d2                __divmodhi4
 .text.libgcc.div
                0x000033f8       0x44 c:/program files (x86)/atmel/atmel toolchain/avr8 gcc/native/3.4.1061/avr8-gnu-toolchain/bin/../lib/gcc/avr/4.8.1/avr6\libgcc.a(_udivmodsi4.o)
                0x000033f8                __udivmodsi4
 .text.libgcc.div
                0x0000343c       0x28 c:/program files (x86)/atmel/atmel toolchain/avr8 gcc/native/3.4.1061/avr8-gnu-toolchain/bin/../lib/gcc/avr/4.8.1/avr6\libgcc.a(_divmodsi4.o)
                0x0000343c                __divmodsi4
 .text.libgcc.div
                0x00003464       0x10 c:/program files (x86)/atmel/atmel toolchain/avr8 gcc/native/3.4.1061/avr8-gnu-toolchain/bin/../lib/gcc/avr/4.8.1/avr6\libgcc.a(_negsi2.o)
                0x00003464                __negsi2
 .text.libgcc   0x00003474        0xc c:/program files (x86)/atmel/atmel toolchain/avr8 gcc/native/3.4.1061/avr8-gnu-toolchain/bin/../lib/gcc/avr/4.8.1/avr6\libgcc.a(_tablejump.o)
                0x00003474                __tablejump2__
                0x00003478                __tablejump__
 .text.libgcc.mul
                0x00003480       0x1e c:/program files (x86)/atmel/atmel toolchain/avr8 gcc/native/3.4.1061/avr8-gnu-toolchain/bin/../lib/gcc/avr/4.8.1/avr6\libgcc.a(_umulhisi3.o)
                0x00003480                __umulhisi3
 .text.libgcc.div
                0x0000349e       0x28 c:/program files (x86)/atmel/atmel toolchain/avr8 gcc/native/3.4.1061/avr8-gnu-toolchain/bin/../lib/gcc/avr/4.8.1/avr6\libgcc.a(_udivmodhi4.o)
                0x0000349e                __udivmodhi4
 .text.avr-libc
                0x000034c6      0x24e c:/program files (x86)/atmel/atmel toolchain/avr8 gcc/native/3.4.1061/avr8-gnu-toolchain/bin/../lib/gcc/avr/4.8.1/../../../../avr/lib/avr6\libc.a(malloc.o)
                0x000034c6                malloc
                0x000035f6                free
 .text.avr-libc
                0x00003714       0x3a c:/program files (x86)/atmel/atmel toolchain/avr8 gcc/native/3.4.1061/avr8-gnu-toolchain/bin/../lib/gcc/avr/4.8.1/../../../../avr/lib/avr6\libc.a(atoi.o)
                0x00003714                atoi
 .text.avr-libc
                0x0000374e       0x12 c:/program files (x86)/atmel/atmel toolchain/avr8 gcc/native/3.4.1061/avr8-gnu-toolchain/bin/../lib/gcc/avr/4.8.1/../../../../avr/lib/avr6\libc.a(memcpy.o)
                0x0000374e                memcpy
 .text.avr-libc
                0x00003760       0x10 c:/program files (x86)/atmel/atmel toolchain/avr8 gcc/native/3.4.1061/avr8-gnu-toolchain/bin/../lib/gcc/avr/4.8.1/../../../../avr/lib/avr6\libc.a(mul10.o)
                0x00003760                __mulhi_const_10
 .text.avr-libc
                0x00003770       0x5c c:/program files (x86)/atmel/atmel toolchain/avr8 gcc/native/3.4.1061/avr8-gnu-toolchain/bin/../lib/gcc/avr/4.8.1/../../../../avr/lib/avr6\libc.a(sprintf.o)
                0x00003770                sprintf
 .text.avr-libc
                0x000037cc      0x3dc c:/program files (x86)/atmel/atmel toolchain/avr8 gcc/native/3.4.1061/avr8-gnu-toolchain/bin/../lib/gcc/avr/4.8.1/../../../../avr/lib/avr6\libc.a(vfprintf_std.o)
                0x000037cc                vfprintf
 .text.avr-libc
                0x00003ba8       0x16 c:/program files (x86)/atmel/atmel toolchain/avr8 gcc/native/3.4.1061/avr8-gnu-toolchain/bin/../lib/gcc/avr/4.8.1/../../../../avr/lib/avr6\libc.a(strnlen_P.o)
                0x00003ba8                strnlen_P
 .text.avr-libc
                0x00003bbe       0x16 c:/program files (x86)/atmel/atmel toolchain/avr8 gcc/native/3.4.1061/avr8-gnu-toolchain/bin/../lib/gcc/avr/4.8.1/../../../../avr/lib/avr6\libc.a(strnlen.o)
                0x00003bbe                strnlen
 .text.avr-libc
                0x00003bd4       0x64 c:/program files (x86)/atmel/atmel toolchain/avr8 gcc/native/3.4.1061/avr8-gnu-toolchain/bin/../lib/gcc/avr/4.8.1/../../../../avr/lib/avr6\libc.a(fputc.o)
                0x00003bd4                fputc
 .text.avr-libc
                0x00003c38       0xbc c:/program files (x86)/atmel/atmel toolchain/avr8 gcc/native/3.4.1061/avr8-gnu-toolchain/bin/../lib/gcc/avr/4.8.1/../../../../avr/lib/avr6\libc.a(ultoa_invert.o)
                0x00003c38                __ultoa_invert
                0x00003cf4                . = ALIGN (0x2)
 *(.fini9)
 .fini9         0x00003cf4        0x0 c:/program files (x86)/atmel/atmel toolchain/avr8 gcc/native/3.4.1061/avr8-gnu-toolchain/bin/../lib/gcc/avr/4.8.1/avr6\libgcc.a(_exit.o)
                0x00003cf4                _exit
                0x00003cf4                exit
 *(.fini9)
 *(.fini8)
 *(.fini8)
 *(.fini7)
 *(.fini7)
 *(.fini6)
 *(.fini6)
 *(.fini5)
 *(.fini5)
 *(.fini4)
 *(.fini4)
 *(.fini3)
 *(.fini3)
 *(.fini2)
 *(.fini2)
 *(.fini1)
 *(.fini1)
 *(.fini0)
 .fini0         0x00003cf4        0x4 c:/program files (x86)/atmel/atmel toolchain/avr8 gcc/native/3.4.1061/avr8-gnu-toolchain/bin/../lib/gcc/avr/4.8.1/avr6\libgcc.a(_exit.o)
 *(.fini0)
                0x00003cf8                _etext = .

.data           0x00800200       0xfc load address 0x00003cf8
                0x00800200                PROVIDE (__data_start, .)
 *(.data)
 .data          0x00800200        0x6 c:/program files (x86)/atmel/atmel toolchain/avr8 gcc/native/3.4.1061/avr8-gnu-toolchain/bin/../lib/gcc/avr/4.8.1/../../../../avr/lib/avr6\libc.a(malloc.o)
                0x00800200                __malloc_heap_end
                0x00800202                __malloc_heap_start
                0x00800204                __malloc_margin
 *(.data*)
 .data._count.2025
                0x00800206        0x1 board_driver/board.o
 .data._dialog_bt_init_seq
                0x00800207       0x42 board_driver/board.o
                0x00800207                _dialog_bt_init_seq
 .data.xNextTaskUnblockTime
                0x00800249        0x2 FreeRTOS/Source/tasks.o
 .data._com_port_2_udr
                0x0080024b        0x4 serial/serial.o
                0x0080024b                _com_port_2_udr
 *(.rodata)
 *(.rodata*)
 .rodata.str1.1
                0x0080024f       0x37 board_driver/board.o
 .rodata.str1.1
                0x00800286        0x5 FreeRTOS/Source/tasks.o
 .rodata.str1.1
                0x0080028b        0x8 FreeRTOS/Source/timers.o
 .rodata.str1.1
                0x00800293       0x61 main.o
 .rodata._prescaler_mask
                0x008002f4        0x7 spi/spi.o
 *(.gnu.linkonce.d*)
                0x008002fc                . = ALIGN (0x2)
 *fill*         0x008002fb        0x1 
                0x008002fc                _edata = .
                0x008002fc                PROVIDE (__data_end, .)

.bss            0x008002fc     0x1adf
                0x008002fc                PROVIDE (__bss_start, .)
 *(.bss)
 *(.bss*)
 .bss._higher_priority_task_woken.2017
                0x008002fc        0x1 board_driver/board.o
 .bss._last_reading.1982
                0x008002fd        0x2 board_driver/board.o
 .bss.state.1970
                0x008002ff        0x1 board_driver/board.o
 .bss._bt_tx_buffer.1880
                0x00800300       0x2b board_driver/board.o
 .bss._bt_rx_buffer.1879
                0x0080032b       0x2b board_driver/board.o
 .bss._goal_line_semaphore
                0x00800356        0x2 board_driver/board.o
 .bss._xRxedCharsQ
                0x00800358        0x2 board_driver/board.o
 .bss._app_bt_status_call_back
                0x0080035a        0x2 board_driver/board.o
 .bss._bt_dialog_active
                0x0080035c        0x1 board_driver/board.o
 .bss._z_gyro   0x0080035d        0x2 board_driver/board.o
 .bss._y_gyro   0x0080035f        0x2 board_driver/board.o
 .bss._x_gyro   0x00800361        0x2 board_driver/board.o
 .bss._z_acc    0x00800363        0x2 board_driver/board.o
 .bss._y_acc    0x00800365        0x2 board_driver/board.o
 .bss._x_acc    0x00800367        0x2 board_driver/board.o
 .bss._mpu9250_tx_buffer
                0x00800369       0x2b board_driver/board.o
 .bss._mpu9520_rx_buffer
                0x00800394       0x2b board_driver/board.o
 .bss._bt_serial_instance
                0x008003bf        0x2 board_driver/board.o
 .bss._spi_mpu9520
                0x008003c1        0x2 board_driver/board.o
 .bss._dialog_pf_call_back
                0x008003c3        0x2 dialog_handler/dialog_handler.o
 .bss._dialog_pf_send
                0x008003c5        0x2 dialog_handler/dialog_handler.o
 .bss._dialog_await_state
                0x008003c7        0x1 dialog_handler/dialog_handler.o
 .bss._dialog_seq
                0x008003c8        0x2 dialog_handler/dialog_handler.o
 .bss._dialog_current_state
                0x008003ca        0x1 dialog_handler/dialog_handler.o
 .bss._dialog_second_counter
                0x008003cb        0x1 dialog_handler/dialog_handler.o
 .bss._dialog_format
                0x008003cc        0xc dialog_handler/dialog_handler.o
 .bss.ticksRemainingInSec
                0x008003d8        0x2 FreeRTOS/Source/portable/GCC/ATMega256x/port.o
 .bss.portTickRateHz
                0x008003da        0x2 FreeRTOS/Source/portable/GCC/ATMega256x/port.o
 .bss.pucAlignedHeap.1737
                0x008003dc        0x2 FreeRTOS/Source/portable/MemMang/heap_1.o
 .bss.xNextFreeByte
                0x008003de        0x2 FreeRTOS/Source/portable/MemMang/heap_1.o
 .bss.ucHeap    0x008003e0      0x9c4 FreeRTOS/Source/portable/MemMang/heap_1.o
 .bss.uxSchedulerSuspended
                0x00800da4        0x1 FreeRTOS/Source/tasks.o
 .bss.uxTaskNumber
                0x00800da5        0x1 FreeRTOS/Source/tasks.o
 .bss.xNumOfOverflows
                0x00800da6        0x1 FreeRTOS/Source/tasks.o
 .bss.xYieldPending
                0x00800da7        0x1 FreeRTOS/Source/tasks.o
 .bss.uxPendedTicks
                0x00800da8        0x1 FreeRTOS/Source/tasks.o
 .bss.xSchedulerRunning
                0x00800da9        0x1 FreeRTOS/Source/tasks.o
 .bss.uxTopReadyPriority
                0x00800daa        0x1 FreeRTOS/Source/tasks.o
 .bss.xTickCount
                0x00800dab        0x2 FreeRTOS/Source/tasks.o
 .bss.uxCurrentNumberOfTasks
                0x00800dad        0x1 FreeRTOS/Source/tasks.o
 .bss.uxTasksDeleted
                0x00800dae        0x1 FreeRTOS/Source/tasks.o
 .bss.xTasksWaitingTermination
                0x00800daf        0x9 FreeRTOS/Source/tasks.o
 .bss.xPendingReadyList
                0x00800db8        0x9 FreeRTOS/Source/tasks.o
 .bss.pxOverflowDelayedTaskList
                0x00800dc1        0x2 FreeRTOS/Source/tasks.o
 .bss.pxDelayedTaskList
                0x00800dc3        0x2 FreeRTOS/Source/tasks.o
 .bss.xDelayedTaskList2
                0x00800dc5        0x9 FreeRTOS/Source/tasks.o
 .bss.xDelayedTaskList1
                0x00800dce        0x9 FreeRTOS/Source/tasks.o
 .bss.pxReadyTasksLists
                0x00800dd7       0x24 FreeRTOS/Source/tasks.o
 .bss.pxCurrentTCB
                0x00800dfb        0x2 FreeRTOS/Source/tasks.o
                0x00800dfb                pxCurrentTCB
 .bss.xLastTime.1983
                0x00800dfd        0x2 FreeRTOS/Source/timers.o
 .bss.xTimerQueue
                0x00800dff        0x2 FreeRTOS/Source/timers.o
 .bss.pxOverflowTimerList
                0x00800e01        0x2 FreeRTOS/Source/timers.o
 .bss.pxCurrentTimerList
                0x00800e03        0x2 FreeRTOS/Source/timers.o
 .bss.xActiveTimerList2
                0x00800e05        0x9 FreeRTOS/Source/timers.o
 .bss.xActiveTimerList1
                0x00800e0e        0x9 FreeRTOS/Source/timers.o
 .bss.samplingData
                0x00800e17      0x960 main.o
                0x00800e17                samplingData
 .bss.sendingDataFlag
                0x00801777        0x2 main.o
                0x00801777                sendingDataFlag
 .bss.planCount
                0x00801779        0x2 main.o
                0x00801779                planCount
 .bss.finishFlag
                0x0080177b        0x1 main.o
                0x0080177b                finishFlag
 .bss.sendValue
                0x0080177c        0x5 main.o
                0x0080177c                sendValue
 .bss.charCount
                0x00801781        0x1 main.o
                0x00801781                charCount
 .bss.bt_initialised
                0x00801782        0x1 main.o
                0x00801782                bt_initialised
 .bss.nextVal   0x00801783        0x2 main.o
                0x00801783                nextVal
 .bss.accData   0x00801785      0x640 main.o
                0x00801785                accData
 .bss._xBT_received_chars_queue
                0x00801dc5        0x2 main.o
 .bss.speed_adjusting_semaphore
                0x00801dc7        0x2 main.o
 .bss.goal_line_semaphore
                0x00801dc9        0x2 main.o
 .bss._ser_handle
                0x00801dcb        0x4 serial/serial.o
 .bss._initialised
                0x00801dcf        0x1 spi/spi.o
 .bss._this     0x00801dd0        0x2 spi/spi.o
 .bss._spi_active
                0x00801dd2        0x1 spi/spi.o
 *(COMMON)
 COMMON         0x00801dd3        0x4 main.o
                0x00801dd3                cumulativeTacho
                0x00801dd5                tick
 COMMON         0x00801dd7        0x4 c:/program files (x86)/atmel/atmel toolchain/avr8 gcc/native/3.4.1061/avr8-gnu-toolchain/bin/../lib/gcc/avr/4.8.1/../../../../avr/lib/avr6\libc.a(malloc.o)
                0x00801dd7                __brkval
                0x00801dd9                __flp
                0x00801ddb                PROVIDE (__bss_end, .)
                0x00003cf8                __data_load_start = LOADADDR (.data)
                0x00003df4                __data_load_end = (__data_load_start + SIZEOF (.data))

.noinit         0x00801ddb        0x0
                0x00801ddb                PROVIDE (__noinit_start, .)
 *(.noinit*)
                0x00801ddb                PROVIDE (__noinit_end, .)
                0x00801ddb                _end = .
                0x00801ddb                PROVIDE (__heap_start, .)

.eeprom         0x00810000        0x0
 *(.eeprom*)
                0x00810000                __eeprom_end = .

.fuse
 *(.fuse)
 *(.lfuse)
 *(.hfuse)
 *(.efuse)

.lock
 *(.lock*)

.signature
 *(.signature*)

.user_signatures
 *(.user_signatures*)

.stab
 *(.stab)

.stabstr
 *(.stabstr)

.stab.excl
 *(.stab.excl)

.stab.exclstr
 *(.stab.exclstr)

.stab.index
 *(.stab.index)

.stab.indexstr
 *(.stab.indexstr)

.comment        0x00000000       0x5c
 *(.comment)
 .comment       0x00000000       0x30 board_driver/board.o
                                 0x31 (size before relaxing)
 .comment       0x00000000       0x31 buffer/buffer.o
 .comment       0x00000000       0x31 dialog_handler/dialog_handler.o
 .comment       0x00000000       0x31 FreeRTOS/Source/list.o
 .comment       0x00000000       0x31 FreeRTOS/Source/portable/GCC/ATMega256x/port.o
 .comment       0x00000000       0x31 FreeRTOS/Source/portable/MemMang/heap_1.o
 .comment       0x00000000       0x31 FreeRTOS/Source/queue.o
 .comment       0x00000000       0x31 FreeRTOS/Source/tasks.o
 .comment       0x00000000       0x31 FreeRTOS/Source/timers.o
 .comment       0x00000000       0x31 main.o
 .comment       0x00000000       0x31 serial/serial.o
 .comment       0x00000000       0x31 spi/spi.o
 .comment       0x00000000       0x31 c:/program files (x86)/atmel/atmel toolchain/avr8 gcc/native/3.4.1061/avr8-gnu-toolchain/bin/../lib/gcc/avr/4.8.1/../../../../avr/lib/avr6\libc.a(malloc.o)
 .comment       0x00000000       0x31 c:/program files (x86)/atmel/atmel toolchain/avr8 gcc/native/3.4.1061/avr8-gnu-toolchain/bin/../lib/gcc/avr/4.8.1/../../../../avr/lib/avr6\libc.a(sprintf.o)
 .comment       0x00000030       0x2c c:/program files (x86)/atmel/atmel toolchain/avr8 gcc/native/3.4.1061/avr8-gnu-toolchain/bin/../lib/gcc/avr/4.8.1/../../../../avr/lib/avr6\libc.a(vfprintf_std.o)
                                 0x2d (size before relaxing)
 .comment       0x00000000       0x31 c:/program files (x86)/atmel/atmel toolchain/avr8 gcc/native/3.4.1061/avr8-gnu-toolchain/bin/../lib/gcc/avr/4.8.1/../../../../avr/lib/avr6\libc.a(fputc.o)

.note.gnu.build-id
 *(.note.gnu.build-id)

.debug
 *(.debug)

.line
 *(.line)

.debug_srcinfo
 *(.debug_srcinfo)

.debug_sfnames
 *(.debug_sfnames)

.debug_aranges  0x00000000      0x5b0
 *(.debug_aranges)
 .debug_aranges
                0x00000000      0x108 board_driver/board.o
 .debug_aranges
                0x00000108       0x48 buffer/buffer.o
 .debug_aranges
                0x00000150       0x40 dialog_handler/dialog_handler.o
 .debug_aranges
                0x00000190       0x40 FreeRTOS/Source/list.o
 .debug_aranges
                0x000001d0       0x48 FreeRTOS/Source/portable/GCC/ATMega256x/port.o
 .debug_aranges
                0x00000218       0x38 FreeRTOS/Source/portable/MemMang/heap_1.o
 .debug_aranges
                0x00000250       0xd0 FreeRTOS/Source/queue.o
 .debug_aranges
                0x00000320      0x130 FreeRTOS/Source/tasks.o
 .debug_aranges
                0x00000450       0x70 FreeRTOS/Source/timers.o
 .debug_aranges
                0x000004c0       0x60 main.o
 .debug_aranges
                0x00000520       0x50 serial/serial.o
 .debug_aranges
                0x00000570       0x40 spi/spi.o

.debug_pubnames
 *(.debug_pubnames)

.debug_info     0x00000000     0x7b30
 *(.debug_info .gnu.linkonce.wi.*)
 .debug_info    0x00000000     0x14ef board_driver/board.o
 .debug_info    0x000014ef      0x20c buffer/buffer.o
 .debug_info    0x000016fb      0x401 dialog_handler/dialog_handler.o
 .debug_info    0x00001afc      0x2c6 FreeRTOS/Source/list.o
 .debug_info    0x00001dc2      0x279 FreeRTOS/Source/portable/GCC/ATMega256x/port.o
 .debug_info    0x0000203b      0x1ad FreeRTOS/Source/portable/MemMang/heap_1.o
 .debug_info    0x000021e8     0x1434 FreeRTOS/Source/queue.o
 .debug_info    0x0000361c     0x19ee FreeRTOS/Source/tasks.o
 .debug_info    0x0000500a      0xfe1 FreeRTOS/Source/timers.o
 .debug_info    0x00005feb      0xfbb main.o
 .debug_info    0x00006fa6      0x58c serial/serial.o
 .debug_info    0x00007532      0x5fe spi/spi.o

.debug_abbrev   0x00000000     0x1a21
 *(.debug_abbrev)
 .debug_abbrev  0x00000000      0x3c8 board_driver/board.o
 .debug_abbrev  0x000003c8       0xde buffer/buffer.o
 .debug_abbrev  0x000004a6      0x197 dialog_handler/dialog_handler.o
 .debug_abbrev  0x0000063d       0xf8 FreeRTOS/Source/list.o
 .debug_abbrev  0x00000735      0x151 FreeRTOS/Source/portable/GCC/ATMega256x/port.o
 .debug_abbrev  0x00000886      0x12e FreeRTOS/Source/portable/MemMang/heap_1.o
 .debug_abbrev  0x000009b4      0x2cd FreeRTOS/Source/queue.o
 .debug_abbrev  0x00000c81      0x344 FreeRTOS/Source/tasks.o
 .debug_abbrev  0x00000fc5      0x35d FreeRTOS/Source/timers.o
 .debug_abbrev  0x00001322      0x292 main.o
 .debug_abbrev  0x000015b4      0x20c serial/serial.o
 .debug_abbrev  0x000017c0      0x261 spi/spi.o

.debug_line     0x00000000     0x416a
 *(.debug_line .debug_line.* .debug_line_end)
 .debug_line    0x00000000      0x907 board_driver/board.o
 .debug_line    0x00000907      0x19c buffer/buffer.o
 .debug_line    0x00000aa3      0x354 dialog_handler/dialog_handler.o
 .debug_line    0x00000df7      0x23f FreeRTOS/Source/list.o
 .debug_line    0x00001036      0x33f FreeRTOS/Source/portable/GCC/ATMega256x/port.o
 .debug_line    0x00001375      0x23c FreeRTOS/Source/portable/MemMang/heap_1.o
 .debug_line    0x000015b1      0xb35 FreeRTOS/Source/queue.o
 .debug_line    0x000020e6      0xe6e FreeRTOS/Source/tasks.o
 .debug_line    0x00002f54      0x56c FreeRTOS/Source/timers.o
 .debug_line    0x000034c0      0x570 main.o
 .debug_line    0x00003a30      0x337 serial/serial.o
 .debug_line    0x00003d67      0x403 spi/spi.o

.debug_frame    0x00000000     0x1384
 *(.debug_frame)
 .debug_frame   0x00000000      0x33c board_driver/board.o
 .debug_frame   0x0000033c       0x74 buffer/buffer.o
 .debug_frame   0x000003b0       0xb8 dialog_handler/dialog_handler.o
 .debug_frame   0x00000468       0x88 FreeRTOS/Source/list.o
 .debug_frame   0x000004f0       0x74 FreeRTOS/Source/portable/GCC/ATMega256x/port.o
 .debug_frame   0x00000564       0x60 FreeRTOS/Source/portable/MemMang/heap_1.o
 .debug_frame   0x000005c4      0x2e4 FreeRTOS/Source/queue.o
 .debug_frame   0x000008a8      0x46c FreeRTOS/Source/tasks.o
 .debug_frame   0x00000d14      0x180 FreeRTOS/Source/timers.o
 .debug_frame   0x00000e94      0x168 main.o
 .debug_frame   0x00000ffc      0x248 serial/serial.o
 .debug_frame   0x00001244      0x140 spi/spi.o

.debug_str      0x00000000     0x20cb
 *(.debug_str)
 .debug_str     0x00000000      0x87c board_driver/board.o
                                0x96d (size before relaxing)
 .debug_str     0x0000087c       0x33 buffer/buffer.o
                                0x1f7 (size before relaxing)
 .debug_str     0x000008af      0x176 dialog_handler/dialog_handler.o
                                0x39e (size before relaxing)
 .debug_str     0x00000a25      0x14e FreeRTOS/Source/list.o
                                0x28f (size before relaxing)
 .debug_str     0x00000b73      0x14c FreeRTOS/Source/portable/GCC/ATMega256x/port.o
                                0x2c2 (size before relaxing)
 .debug_str     0x00000cbf       0xce FreeRTOS/Source/portable/MemMang/heap_1.o
                                0x225 (size before relaxing)
 .debug_str     0x00000d8d      0x51e FreeRTOS/Source/queue.o
                                0x7e7 (size before relaxing)
 .debug_str     0x000012ab      0x74f FreeRTOS/Source/tasks.o
                                0xc03 (size before relaxing)
 .debug_str     0x000019fa      0x3a1 FreeRTOS/Source/timers.o
                                0x7ee (size before relaxing)
 .debug_str     0x00001d9b      0x167 main.o
                                0x56d (size before relaxing)
 .debug_str     0x00001f02       0xea serial/serial.o
                                0x3f1 (size before relaxing)
 .debug_str     0x00001fec       0xdf spi/spi.o
                                0x34b (size before relaxing)

.debug_loc      0x00000000     0x660a
 *(.debug_loc)
 .debug_loc     0x00000000      0x8fc board_driver/board.o
 .debug_loc     0x000008fc      0x13e buffer/buffer.o
 .debug_loc     0x00000a3a      0x219 dialog_handler/dialog_handler.o
 .debug_loc     0x00000c53      0x155 FreeRTOS/Source/list.o
 .debug_loc     0x00000da8      0x2e9 FreeRTOS/Source/portable/GCC/ATMega256x/port.o
 .debug_loc     0x00001091       0xf1 FreeRTOS/Source/portable/MemMang/heap_1.o
 .debug_loc     0x00001182     0x18aa FreeRTOS/Source/queue.o
 .debug_loc     0x00002a2c     0x1a54 FreeRTOS/Source/tasks.o
 .debug_loc     0x00004480      0xb73 FreeRTOS/Source/timers.o
 .debug_loc     0x00004ff3      0x6ee main.o
 .debug_loc     0x000056e1      0x856 serial/serial.o
 .debug_loc     0x00005f37      0x6d3 spi/spi.o

.debug_macinfo
 *(.debug_macinfo)

.debug_weaknames
 *(.debug_weaknames)

.debug_funcnames
 *(.debug_funcnames)

.debug_typenames
 *(.debug_typenames)

.debug_varnames
 *(.debug_varnames)

.debug_pubtypes
 *(.debug_pubtypes)

.debug_ranges   0x00000000      0x5f0
 *(.debug_ranges)
 .debug_ranges  0x00000000       0xf8 board_driver/board.o
 .debug_ranges  0x000000f8       0x38 buffer/buffer.o
 .debug_ranges  0x00000130       0x30 dialog_handler/dialog_handler.o
 .debug_ranges  0x00000160       0x30 FreeRTOS/Source/list.o
 .debug_ranges  0x00000190       0x38 FreeRTOS/Source/portable/GCC/ATMega256x/port.o
 .debug_ranges  0x000001c8       0x28 FreeRTOS/Source/portable/MemMang/heap_1.o
 .debug_ranges  0x000001f0       0xc0 FreeRTOS/Source/queue.o
 .debug_ranges  0x000002b0      0x168 FreeRTOS/Source/tasks.o
 .debug_ranges  0x00000418       0xc0 FreeRTOS/Source/timers.o
 .debug_ranges  0x000004d8       0x50 main.o
 .debug_ranges  0x00000528       0x58 serial/serial.o
 .debug_ranges  0x00000580       0x70 spi/spi.o

.debug_macro
 *(.debug_macro)
OUTPUT(Firmware.elf elf32-avr)
LOAD linker stubs
